Component: ARM Compiler 5.06 update 7 (build 960) Tool: armlink [4d3601]

==============================================================================

Section Cross References

    startup_stm32f10x_hd.o(RESET) refers to startup_stm32f10x_hd.o(STACK) for __initial_sp
    startup_stm32f10x_hd.o(RESET) refers to startup_stm32f10x_hd.o(.text) for Reset_Handler
    startup_stm32f10x_hd.o(RESET) refers to stm32f10x_it.o(i.NMI_Handler) for NMI_Handler
    startup_stm32f10x_hd.o(RESET) refers to stm32f10x_it.o(i.HardFault_Handler) for HardFault_Handler
    startup_stm32f10x_hd.o(RESET) refers to stm32f10x_it.o(i.MemManage_Handler) for MemManage_Handler
    startup_stm32f10x_hd.o(RESET) refers to stm32f10x_it.o(i.BusFault_Handler) for BusFault_Handler
    startup_stm32f10x_hd.o(RESET) refers to stm32f10x_it.o(i.UsageFault_Handler) for UsageFault_Handler
    startup_stm32f10x_hd.o(RESET) refers to stm32f10x_it.o(i.SVC_Handler) for SVC_Handler
    startup_stm32f10x_hd.o(RESET) refers to stm32f10x_it.o(i.DebugMon_Handler) for DebugMon_Handler
    startup_stm32f10x_hd.o(RESET) refers to stm32f10x_it.o(i.PendSV_Handler) for PendSV_Handler
    startup_stm32f10x_hd.o(RESET) refers to stm32f10x_it.o(i.SysTick_Handler) for SysTick_Handler
    startup_stm32f10x_hd.o(RESET) refers to stm32f10x_it.o(i.SDIO_IRQHandler) for SDIO_IRQHandler
    startup_stm32f10x_hd.o(.text) refers to system_stm32f10x.o(i.SystemInit) for SystemInit
    startup_stm32f10x_hd.o(.text) refers to entry.o(.ARM.Collect$$$$00000000) for __main
    system_stm32f10x.o(i.SetSysClock) refers to system_stm32f10x.o(i.SetSysClockTo72) for SetSysClockTo72
    system_stm32f10x.o(i.SystemCoreClockUpdate) refers to system_stm32f10x.o(.data) for SystemCoreClock
    system_stm32f10x.o(i.SystemInit) refers to system_stm32f10x.o(i.SetSysClock) for SetSysClock
    stm32f10x_adc.o(i.ADC_DeInit) refers to stm32f10x_rcc.o(i.RCC_APB2PeriphResetCmd) for RCC_APB2PeriphResetCmd
    stm32f10x_bkp.o(i.BKP_DeInit) refers to stm32f10x_rcc.o(i.RCC_BackupResetCmd) for RCC_BackupResetCmd
    stm32f10x_can.o(i.CAN_DeInit) refers to stm32f10x_rcc.o(i.RCC_APB1PeriphResetCmd) for RCC_APB1PeriphResetCmd
    stm32f10x_can.o(i.CAN_GetITStatus) refers to stm32f10x_can.o(i.CheckITStatus) for CheckITStatus
    stm32f10x_cec.o(i.CEC_DeInit) refers to stm32f10x_rcc.o(i.RCC_APB1PeriphResetCmd) for RCC_APB1PeriphResetCmd
    stm32f10x_dac.o(i.DAC_DeInit) refers to stm32f10x_rcc.o(i.RCC_APB1PeriphResetCmd) for RCC_APB1PeriphResetCmd
    stm32f10x_flash.o(i.FLASH_EnableWriteProtection) refers to stm32f10x_flash.o(i.FLASH_WaitForLastOperation) for FLASH_WaitForLastOperation
    stm32f10x_flash.o(i.FLASH_EraseAllBank1Pages) refers to stm32f10x_flash.o(i.FLASH_WaitForLastBank1Operation) for FLASH_WaitForLastBank1Operation
    stm32f10x_flash.o(i.FLASH_EraseAllPages) refers to stm32f10x_flash.o(i.FLASH_WaitForLastOperation) for FLASH_WaitForLastOperation
    stm32f10x_flash.o(i.FLASH_EraseOptionBytes) refers to stm32f10x_flash.o(i.FLASH_GetReadOutProtectionStatus) for FLASH_GetReadOutProtectionStatus
    stm32f10x_flash.o(i.FLASH_EraseOptionBytes) refers to stm32f10x_flash.o(i.FLASH_WaitForLastOperation) for FLASH_WaitForLastOperation
    stm32f10x_flash.o(i.FLASH_ErasePage) refers to stm32f10x_flash.o(i.FLASH_WaitForLastOperation) for FLASH_WaitForLastOperation
    stm32f10x_flash.o(i.FLASH_ProgramHalfWord) refers to stm32f10x_flash.o(i.FLASH_WaitForLastOperation) for FLASH_WaitForLastOperation
    stm32f10x_flash.o(i.FLASH_ProgramOptionByteData) refers to stm32f10x_flash.o(i.FLASH_WaitForLastOperation) for FLASH_WaitForLastOperation
    stm32f10x_flash.o(i.FLASH_ProgramWord) refers to stm32f10x_flash.o(i.FLASH_WaitForLastOperation) for FLASH_WaitForLastOperation
    stm32f10x_flash.o(i.FLASH_ReadOutProtection) refers to stm32f10x_flash.o(i.FLASH_WaitForLastOperation) for FLASH_WaitForLastOperation
    stm32f10x_flash.o(i.FLASH_UserOptionByteConfig) refers to stm32f10x_flash.o(i.FLASH_WaitForLastOperation) for FLASH_WaitForLastOperation
    stm32f10x_flash.o(i.FLASH_WaitForLastBank1Operation) refers to stm32f10x_flash.o(i.FLASH_GetBank1Status) for FLASH_GetBank1Status
    stm32f10x_flash.o(i.FLASH_WaitForLastOperation) refers to stm32f10x_flash.o(i.FLASH_GetBank1Status) for FLASH_GetBank1Status
    stm32f10x_gpio.o(i.GPIO_AFIODeInit) refers to stm32f10x_rcc.o(i.RCC_APB2PeriphResetCmd) for RCC_APB2PeriphResetCmd
    stm32f10x_gpio.o(i.GPIO_DeInit) refers to stm32f10x_rcc.o(i.RCC_APB2PeriphResetCmd) for RCC_APB2PeriphResetCmd
    stm32f10x_i2c.o(i.I2C_DeInit) refers to stm32f10x_rcc.o(i.RCC_APB1PeriphResetCmd) for RCC_APB1PeriphResetCmd
    stm32f10x_i2c.o(i.I2C_Init) refers to stm32f10x_rcc.o(i.RCC_GetClocksFreq) for RCC_GetClocksFreq
    stm32f10x_pwr.o(i.PWR_DeInit) refers to stm32f10x_rcc.o(i.RCC_APB1PeriphResetCmd) for RCC_APB1PeriphResetCmd
    stm32f10x_rcc.o(i.RCC_GetClocksFreq) refers to stm32f10x_rcc.o(.data) for APBAHBPrescTable
[...]
    Removing bsp_ili9341_lcd.o(i.ILI9341_DispChar_EN), (152 bytes).
    Removing bsp_ili9341_lcd.o(i.ILI9341_DispStringLine_EN), (104 bytes).
    Removing bsp_ili9341_lcd.o(i.ILI9341_DispString_EN), (104 bytes).
    Removing bsp_ili9341_lcd.o(i.ILI9341_DispString_EN_YDir), (104 bytes).
    Removing bsp_ili9341_lcd.o(i.ILI9341_DrawCircle), (312 bytes).
    Removing bsp_ili9341_lcd.o(i.ILI9341_DrawLine), (160 bytes).
    Removing bsp_ili9341_lcd.o(i.ILI9341_DrawRectangle), (136 bytes).
    Removing bsp_ili9341_lcd.o(i.ILI9341_GetPointPixel), (24 bytes).
    Removing bsp_ili9341_lcd.o(i.ILI9341_Read_PixelData), (56 bytes).
    Removing bsp_ili9341_lcd.o(i.ILI9341_SetCursor), (20 bytes).
    Removing bsp_ili9341_lcd.o(i.ILI9341_SetPointPixel), (56 bytes).
    Removing bsp_ili9341_lcd.o(i.LCD_ClearLine), (32 bytes).
    Removing bsp_ili9341_lcd.o(i.LCD_GetColors), (24 bytes).
    Removing bsp_ili9341_lcd.o(i.LCD_GetFont), (12 bytes).
    Removing bsp_ili9341_lcd.o(i.LCD_SetBackColor), (12 bytes).
    Removing bsp_ili9341_lcd.o(i.LCD_SetTextColor), (12 bytes).
    Removing bsp_usart.o(i.fgetc), (32 bytes).
    Removing bsp_sdio_sdcard.o(i.IsCardProgramming), (412 bytes).
    Removing bsp_sdio_sdcard.o(i.SD_DeInit), (76 bytes).
    Removing bsp_sdio_sdcard.o(i.SD_Erase), (312 bytes).
    Removing bsp_sdio_sdcard.o(i.SD_GetCardStatus), (160 bytes).
    Removing bsp_sdio_sdcard.o(i.SD_GetTransferState), (24 bytes).
    Removing bsp_sdio_sdcard.o(i.SD_PowerOFF), (14 bytes).
    Removing bsp_sdio_sdcard.o(i.SD_ReadBlock), (236 bytes).
    Removing bsp_sdio_sdcard.o(i.SD_SendSDStatus), (376 bytes).
    Removing bsp_sdio_sdcard.o(i.SD_StopTransfer), (32 bytes).
    Removing bsp_sdio_sdcard.o(i.SD_WriteBlock), (236 bytes).
    Removing bsp_sdio_sdcard.o(i.convert_from_bytes_to_power_of_two), (18 bytes).
    Removing ff.o(i.dir_read), (198 bytes).
    Removing ff.o(i.dir_remove), (106 bytes).
    Removing ff.o(i.f_chmod), (92 bytes).
    Removing ff.o(i.f_closedir), (22 bytes).
    Removing ff.o(i.f_getfree), (258 bytes).
    Removing ff.o(i.f_gets), (82 bytes).
    Removing ff.o(i.f_mkdir), (358 bytes).
    Removing ff.o(i.f_mkfs), (1668 bytes).
    Removing ff.o(i.f_opendir), (118 bytes).
    Removing ff.o(i.f_printf), (628 bytes).
    Removing ff.o(i.f_putc), (64 bytes).
    Removing ff.o(i.f_puts), (74 bytes).
    Removing ff.o(i.f_readdir), (100 bytes).
    Removing ff.o(i.f_rename), (266 bytes).
    Removing ff.o(i.f_stat), (68 bytes).
    Removing ff.o(i.f_truncate), (184 bytes).
    Removing ff.o(i.f_unlink), (174 bytes).
    Removing ff.o(i.f_utime), (94 bytes).
    Removing ff.o(i.f_write), (524 bytes).
    Removing ff.o(i.get_fileinfo), (258 bytes).
    Removing ff.o(i.pick_lfn), (128 bytes).
    Removing ff.o(i.putc_bfd), (68 bytes).
    Removing dadd.o(.text), (334 bytes).
    Removing dmul.o(.text), (228 bytes).
    Removing ddiv.o(.text), (222 bytes).
    Removing dfixul.o(.text), (48 bytes).
    Removing cdrcmple.o(.text), (48 bytes).
    Removing depilogue.o(.text), (186 bytes).

497 unused section(s) (total 27428 bytes) removed from the image.

==============================================================================

Image Symbol Table

    Local Symbols

    Symbol Name                              Value     Ov Type        Size  Object(Section)

    ../clib/microlib/division.c              0x00000000   Number         0  uldiv.o ABSOLUTE
    ../clib/microlib/division.c              0x00000000   Number         0  uidiv.o ABSOLUTE
    ../clib/microlib/init/entry.s            0x00000000   Number         0  entry5.o ABSOLUTE
    ../clib/microlib/init/entry.s            0x00000000   Number         0  entry7a.o ABSOLUTE
    ../clib/microlib/init/entry.s            0x00000000   Number         0  entry7b.o ABSOLUTE
    ../clib/microlib/init/entry.s            0x00000000   Number         0  entry8a.o ABSOLUTE
    ../clib/microlib/init/entry.s            0x00000000   Number         0  entry8b.o ABSOLUTE
    ../clib/microlib/init/entry.s            0x00000000   Number         0  entry2.o ABSOLUTE
    ../clib/microlib/init/entry.s            0x00000000   Number         0  entry9a.o ABSOLUTE
    ../clib/microlib/init/entry.s            0x00000000   Number         0  entry9b.o ABSOLUTE
    ../clib/microlib/init/entry.s            0x00000000   Number         0  entry11a.o ABSOLUTE
    ../clib/microlib/init/entry.s            0x00000000   Number         0  entry10a.o ABSOLUTE
    ../clib/microlib/init/entry.s            0x00000000   Number         0  entry10b.o ABSOLUTE
    ../clib/microlib/init/entry.s            0x00000000   Number         0  entry11b.o ABSOLUTE
    ../clib/microlib/init/entry.s            0x00000000   Number         0  entry12a.o ABSOLUTE
    ../clib/microlib/init/entry.s            0x00000000   Number         0  entry12b.o ABSOLUTE
    ../clib/microlib/init/entry.s            0x00000000   Number         0  entry.o ABSOLUTE
    ../clib/microlib/longlong.c              0x00000000   Number         0  llushr.o ABSOLUTE
    ../clib/microlib/longlong.c              0x00000000   Number         0  llsshr.o ABSOLUTE
    ../clib/microlib/longlong.c              0x00000000   Number         0  llshl.o ABSOLUTE
    ../clib/microlib/malloc/malloc.c         0x00000000   Number         0  mallocra.o ABSOLUTE
    ../clib/microlib/malloc/malloc.c         0x00000000   Number         0  malloca.o ABSOLUTE
    ../clib/microlib/malloc/malloc.c         0x00000000   Number         0  mallocr.o ABSOLUTE
    ../clib/microlib/malloc/malloc.c         0x00000000   Number         0  malloc.o ABSOLUTE
    ../clib/microlib/malloc/mvars.c          0x00000000   Number         0  mvars.o ABSOLUTE
    ../clib/microlib/printf/printf.c         0x00000000   Number         0  printf1.o ABSOLUTE
    ../clib/microlib/printf/printf.c         0x00000000   Number         0  printf7.o ABSOLUTE
    ../clib/microlib/printf/printf.c         0x00000000   Number         0  printf6.o ABSOLUTE
    ../clib/microlib/printf/printf.c         0x00000000   Number         0  printf5.o ABSOLUTE
    ../clib/microlib/printf/printf.c         0x00000000   Number         0  printf4.o ABSOLUTE
    ../clib/microlib/printf/printf.c         0x00000000   Number         0  printf3.o ABSOLUTE
    ../clib/microlib/printf/printf.c         0x00000000   Number         0  printfb.o ABSOLUTE
    ../clib/microlib/printf/printf.c         0x00000000   Number         0  printf0.o ABSOLUTE
    ../clib/microlib/printf/printf.c         0x00000000   Number         0  printf8.o ABSOLUTE
    ../clib/microlib/printf/printf.c         0x00000000   Number         0  printfa.o ABSOLUTE
    ../clib/microlib/printf/printf.c         0x00000000   Number         0  printf2.o ABSOLUTE
    ../clib/microlib/printf/stubs.s          0x00000000   Number         0  stubs.o ABSOLUTE
    ../clib/microlib/stdio/streams.c         0x00000000   Number         0  stdout.o ABSOLUTE
    ../clib/microlib/string/memcpy.c         0x00000000   Number         0  memcpya.o ABSOLUTE
    ../clib/microlib/string/memcpy.c         0x00000000   Number         0  memcpyb.o ABSOLUTE
    ../clib/microlib/string/memset.c         0x00000000   Number         0  memseta.o ABSOLUTE
    ../clib/microlib/stubs.s                 0x00000000   Number         0  iusefp.o ABSOLUTE
    ../fplib/microlib/fpadd.c                0x00000000   Number         0  dadd.o ABSOLUTE
    ../fplib/microlib/fpdiv.c                0x00000000   Number         0  ddiv.o ABSOLUTE
    ../fplib/microlib/fpepilogue.c           0x00000000   Number         0  depilogue.o ABSOLUTE
    ../fplib/microlib/fpfix.c                0x00000000   Number         0  dfixul.o ABSOLUTE
    ../fplib/microlib/fpmul.c                0x00000000   Number         0  dmul.o ABSOLUTE
    ..\..\Libraries\CMSIS\startup\startup_stm32f10x_hd.s 0x00000000   Number         0  startup_stm32f10x_hd.o ABSOLUTE
    ..\..\Libraries\CMSIS\system_stm32f10x.c 0x00000000   Number         0  system_stm32f10x.o ABSOLUTE
    ..\..\Libraries\FWlib\src\misc.c         0x00000000   Number         0  misc.o ABSOLUTE
    ..\..\Libraries\FWlib\src\stm32f10x_adc.c 0x00000000   Number         0  stm32f10x_adc.o ABSOLUTE
    ..\..\Libraries\FWlib\src\stm32f10x_bkp.c 0x00000000   Number         0  stm32f10x_bkp.o ABSOLUTE
    ..\..\Libraries\FWlib\src\stm32f10x_can.c 0x00000000   Number         0  stm32f10x_can.o ABSOLUTE
    ..\..\Libraries\FWlib\src\stm32f10x_cec.c 0x00000000   Number         0  stm32f10x_cec.o ABSOLUTE
    ..\..\Libraries\FWlib\src\stm32f10x_crc.c 0x00000000   Number         0  stm32f10x_crc.o ABSOLUTE
    ..\..\Libraries\FWlib\src\stm32f10x_dac.c 0x00000000   Number         0  stm32f10x_dac.o ABSOLUTE
    ..\..\Libraries\FWlib\src\stm32f10x_dbgmcu.c 0x00000000   Number         0  stm32f10x_dbgmcu.o ABSOLUTE
    ..\..\Libraries\FWlib\src\stm32f10x_dma.c 0x00000000   Number         0  stm32f10x_dma.o ABSOLUTE
    ..\..\Libraries\FWlib\src\stm32f10x_exti.c 0x00000000   Number         0  stm32f10x_exti.o ABSOLUTE
    ..\..\Libraries\FWlib\src\stm32f10x_flash.c 0x00000000   Number         0  stm32f10x_flash.o ABSOLUTE
    ..\..\Libraries\FWlib\src\stm32f10x_fsmc.c 0x00000000   Number         0  stm32f10x_fsmc.o ABSOLUTE
    ..\..\Libraries\FWlib\src\stm32f10x_gpio.c 0x00000000   Number         0  stm32f10x_gpio.o ABSOLUTE
    ..\..\Libraries\FWlib\src\stm32f10x_i2c.c 0x00000000   Number         0  stm32f10x_i2c.o ABSOLUTE
    ..\..\Libraries\FWlib\src\stm32f10x_iwdg.c 0x00000000   Number         0  stm32f10x_iwdg.o ABSOLUTE
    ..\..\Libraries\FWlib\src\stm32f10x_pwr.c 0x00000000   Number         0  stm32f10x_pwr.o ABSOLUTE
    ..\..\Libraries\FWlib\src\stm32f10x_rcc.c 0x00000000   Number         0  stm32f10x_rcc.o ABSOLUTE
    ..\..\Libraries\FWlib\src\stm32f10x_rtc.c 0x00000000   Number         0  stm32f10x_rtc.o ABSOLUTE
    ..\..\Libraries\FWlib\src\stm32f10x_sdio.c 0x00000000   Number         0  stm32f10x_sdio.o ABSOLUTE
    ..\..\Libraries\FWlib\src\stm32f10x_spi.c 0x00000000   Number         0  stm32f10x_spi.o ABSOLUTE
    ..\..\Libraries\FWlib\src\stm32f10x_tim.c 0x00000000   Number         0  stm32f10x_tim.o ABSOLUTE
    ..\..\Libraries\FWlib\src\stm32f10x_usart.c 0x00000000   Number         0  stm32f10x_usart.o ABSOLUTE
    ..\..\Libraries\FWlib\src\stm32f10x_wwdg.c 0x00000000   Number         0  stm32f10x_wwdg.o ABSOLUTE
    ..\..\User\FATFS\diskio.c                0x00000000   Number         0  diskio.o ABSOLUTE
    ..\..\User\FATFS\ff.c                    0x00000000   Number         0  ff.o ABSOLUTE
    ..\..\User\FATFS\option\ccsbcs.c         0x00000000   Number         0  ccsbcs.o ABSOLUTE
    ..\..\User\FATFS\option\syscall.c        0x00000000   Number         0  syscall.o ABSOLUTE
    ..\..\User\Lcd\bsp_ili9341_lcd.c         0x00000000   Number         0  bsp_ili9341_lcd.o ABSOLUTE
    ..\..\User\font\fonts.c                  0x00000000   Number         0  fonts.o ABSOLUTE
    ..\..\User\led\bsp_led.c                 0x00000000   Number         0  bsp_led.o ABSOLUTE
    ..\..\User\main.c                        0x00000000   Number         0  main.o ABSOLUTE
    ..\..\User\sdio\bsp_sdio_sdcard.c        0x00000000   Number         0  bsp_sdio_sdcard.o ABSOLUTE
    ..\..\User\stm32f10x_it.c                0x00000000   Number         0  stm32f10x_it.o ABSOLUTE
    ..\..\User\tjpgd\src\jpgPort.c           0x00000000   Number         0  jpgport.o ABSOLUTE
    ..\..\User\tjpgd\src\tjpgd.c             0x00000000   Number         0  tjpgd.o ABSOLUTE
    ..\..\User\usart\bsp_usart.c             0x00000000   Number         0  bsp_usart.o ABSOLUTE
    cdrcmple.s                               0x00000000   Number         0  cdrcmple.o ABSOLUTE
    dc.s                                     0x00000000   Number         0  dc.o ABSOLUTE
    handlers.s                               0x00000000   Number         0  handlers.o ABSOLUTE
    init.s                                   0x00000000   Number         0  init.o ABSOLUTE
    RESET                                    0x08000000   Section      304  startup_stm32f10x_hd.o(RESET)
    .ARM.Collect$$$$00000000                 0x08000130   Section        0  entry.o(.ARM.Collect$$$$00000000)
    .ARM.Collect$$$$00000001                 0x08000130   Section        4  entry2.o(.ARM.Collect$$$$00000001)
    .ARM.Collect$$$$00000004                 0x08000134   Section        4  entry5.o(.ARM.Collect$$$$00000004)
    .ARM.Collect$$$$00000008                 0x08000138   Section        0  entry7b.o(.ARM.Collect$$$$00000008)
    .ARM.Collect$$$$0000000A                 0x08000138   Section        0  entry8b.o(.ARM.Collect$$$$0000000A)
    .ARM.Collect$$$$0000000B                 0x08000138   Section        8  entry9a.o(.ARM.Collect$$$$0000000B)
    .ARM.Collect$$$$0000000E                 0x08000140   Section        4  entry12b.o(.ARM.Collect$$$$0000000E)
    .ARM.Collect$$$$0000000F                 0x08000144   Section        0  entry10a.o(.ARM.Collect$$$$0000000F)
    .ARM.Collect$$$$00000011                 0x08000144   Section        0  entry11a.o(.ARM.Collect$$$$00000011)
    .ARM.Collect$$$$00002712                 0x08000144   Section        4  entry2.o(.ARM.Collect$$$$00002712)
    __lit__00000000                          0x08000144   Data           4  entry2.o(.ARM.Collect$$$$00002712)
    .text                                    0x08000148   Section       36  startup_stm32f10x_hd.o(.text)
    .text                                    0x0800016c   Section        0  uldiv.o(.text)
    .text                                    0x080001ce   Section        0  memcpya.o(.text)
    .text                                    0x080001f2   Section        0  memseta.o(.text)
    .text                                    0x08000216   Section        0  llshl.o(.text)
    .text                                    0x08000234   Section        0  llushr.o(.text)
    .text                                    0x08000254   Section       36  init.o(.text)
    i.BusFault_Handler                       0x08000278   Section        0  stm32f10x_it.o(i.BusFault_Handler)
    i.CmdError                               0x0800027c   Section        0  bsp_sdio_sdcard.o(i.CmdError)
    CmdError                                 0x0800027d   Thumb Code    44  bsp_sdio_sdcard.o(i.CmdError)
    i.CmdResp1Error                          0x080002a8   Section        0  bsp_sdio_sdcard.o(i.CmdResp1Error)
    CmdResp1Error                            0x080002a9   Thumb Code    36  bsp_sdio_sdcard.o(i.CmdResp1Error)
    i.CmdResp2Error                          0x080002d0   Section        0  bsp_sdio_sdcard.o(i.CmdResp2Error)
    CmdResp2Error                            0x080002d1   Thumb Code    70  bsp_sdio_sdcard.o(i.CmdResp2Error)
    i.CmdResp3Error                          0x0800031c   Section        0  bsp_sdio_sdcard.o(i.CmdResp3Error)
    CmdResp3Error                            0x0800031d   Thumb Code    52  bsp_sdio_sdcard.o(i.CmdResp3Error)
    i.CmdResp6Error                          0x08000354   Section        0  bsp_sdio_sdcard.o(i.CmdResp6Error)
    CmdResp6Error                            0x08000355   Thumb Code   152  bsp_sdio_sdcard.o(i.CmdResp6Error)
    i.CmdResp7Error                          0x080003f0   Section        0  bsp_sdio_sdcard.o(i.CmdResp7Error)
    CmdResp7Error                            0x080003f1   Thumb Code    72  bsp_sdio_sdcard.o(i.CmdResp7Error)
    i.DMA_ClearFlag                          0x0800043c   Section        0  stm32f10x_dma.o(i.DMA_ClearFlag)
    i.DMA_Cmd                                0x08000458   Section        0  stm32f10x_dma.o(i.DMA_Cmd)
    i.DMA_GetFlagStatus                      0x08000470   Section        0  stm32f10x_dma.o(i.DMA_GetFlagStatus)
    i.DMA_Init                               0x0800049c   Section        0  stm32f10x_dma.o(i.DMA_Init)
    i.DebugMon_Handler                       0x080004d8   Section        0  stm32f10x_it.o(i.DebugMon_Handler)
    i.FSMC_NORSRAMCmd                        0x080004dc   Section        0  stm32f10x_fsmc.o(i.FSMC_NORSRAMCmd)
    i.FSMC_NORSRAMInit                       0x08000510   Section        0  stm32f10x_fsmc.o(i.FSMC_NORSRAMInit)
    i.FindSCR                                0x080005f8   Section        0  bsp_sdio_sdcard.o(i.FindSCR)
    FindSCR                                  0x080005f9   Thumb Code   394  bsp_sdio_sdcard.o(i.FindSCR)
    i.GPIO_Configuration                     0x08000794   Section        0  bsp_sdio_sdcard.o(i.GPIO_Configuration)
    GPIO_Configuration                       0x08000795   Thumb Code    70  bsp_sdio_sdcard.o(i.GPIO_Configuration)
    i.GPIO_Init                              0x080007e4   Section        0  stm32f10x_gpio.o(i.GPIO_Init)
    i.GPIO_ResetBits                         0x080008fa   Section        0  stm32f10x_gpio.o(i.GPIO_ResetBits)
    i.GPIO_SetBits                           0x080008fe   Section        0  stm32f10x_gpio.o(i.GPIO_SetBits)
    i.HardFault_Handler                      0x08000902   Section        0  stm32f10x_it.o(i.HardFault_Handler)
    i.ILI9341_BackLed_Control                0x08000908   Section        0  bsp_ili9341_lcd.o(i.ILI9341_BackLed_Control)
    i.ILI9341_Clear                          0x0800092c   Section        0  bsp_ili9341_lcd.o(i.ILI9341_Clear)
    i.ILI9341_Delay                          0x08000958   Section        0  bsp_ili9341_lcd.o(i.ILI9341_Delay)
    ILI9341_Delay                            0x08000959   Thumb Code    18  bsp_ili9341_lcd.o(i.ILI9341_Delay)
    i.ILI9341_FSMC_Config                    0x0800096a   Section        0  bsp_ili9341_lcd.o(i.ILI9341_FSMC_Config)
    ILI9341_FSMC_Config                      0x0800096b   Thumb Code   110  bsp_ili9341_lcd.o(i.ILI9341_FSMC_Config)
    i.ILI9341_FillColor                      0x080009d8   Section        0  bsp_ili9341_lcd.o(i.ILI9341_FillColor)
    ILI9341_FillColor                        0x080009d9   Thumb Code    32  bsp_ili9341_lcd.o(i.ILI9341_FillColor)
    i.ILI9341_GPIO_Config                    0x080009f8   Section        0  bsp_ili9341_lcd.o(i.ILI9341_GPIO_Config)
    ILI9341_GPIO_Config                      0x080009f9   Thumb Code   398  bsp_ili9341_lcd.o(i.ILI9341_GPIO_Config)
    i.ILI9341_GramScan                       0x08000b90   Section        0  bsp_ili9341_lcd.o(i.ILI9341_GramScan)
    i.ILI9341_Init                           0x08000c70   Section        0  bsp_ili9341_lcd.o(i.ILI9341_Init)
    i.ILI9341_OpenWindow                     0x08000c98   Section        0  bsp_ili9341_lcd.o(i.ILI9341_OpenWindow)
    i.ILI9341_REG_Config                     0x08000cf8   Section        0  bsp_ili9341_lcd.o(i.ILI9341_REG_Config)
    ILI9341_REG_Config                       0x08000cf9   Thumb Code  1098  bsp_ili9341_lcd.o(i.ILI9341_REG_Config)
    i.ILI9341_ReadID                         0x08001148   Section        0  bsp_ili9341_lcd.o(i.ILI9341_ReadID)
    i.ILI9341_Read_Data                      0x080011b8   Section        0  bsp_ili9341_lcd.o(i.ILI9341_Read_Data)
    i.ILI9341_Rst                            0x080011c4   Section        0  bsp_ili9341_lcd.o(i.ILI9341_Rst)
    i.ILI9341_Write_Cmd                      0x080011ec   Section        0  bsp_ili9341_lcd.o(i.ILI9341_Write_Cmd)
    i.ILI9341_Write_Data                     0x080011f4   Section        0  bsp_ili9341_lcd.o(i.ILI9341_Write_Data)
    i.LCD_SetColors                          0x08001200   Section        0  bsp_ili9341_lcd.o(i.LCD_SetColors)
    i.LCD_SetFont                            0x08001214   Section        0  bsp_ili9341_lcd.o(i.LCD_SetFont)
    i.LED_GPIO_Config                        0x08001220   Section        0  bsp_led.o(i.LED_GPIO_Config)
    i.MemManage_Handler                      0x08001280   Section        0  stm32f10x_it.o(i.MemManage_Handler)
    i.NMI_Handler                            0x08001284   Section        0  stm32f10x_it.o(i.NMI_Handler)
    i.NVIC_Configuration                     0x08001286   Section        0  bsp_sdio_sdcard.o(i.NVIC_Configuration)
    NVIC_Configuration                       0x08001287   Thumb Code    40  bsp_sdio_sdcard.o(i.NVIC_Configuration)
    i.NVIC_Init                              0x080012b0   Section        0  misc.o(i.NVIC_Init)
    i.NVIC_PriorityGroupConfig               0x08001320   Section        0  misc.o(i.NVIC_PriorityGroupConfig)
    i.PendSV_Handler                         0x08001334   Section        0  stm32f10x_it.o(i.PendSV_Handler)
    i.RCC_AHBPeriphClockCmd                  0x08001338   Section        0  stm32f10x_rcc.o(i.RCC_AHBPeriphClockCmd)
    i.RCC_APB2PeriphClockCmd                 0x08001358   Section        0  stm32f10x_rcc.o(i.RCC_APB2PeriphClockCmd)
    i.RCC_GetClocksFreq                      0x08001378   Section        0  stm32f10x_rcc.o(i.RCC_GetClocksFreq)
    i.SDEnWideBus                            0x0800144c   Section        0  bsp_sdio_sdcard.o(i.SDEnWideBus)
    SDEnWideBus                              0x0800144d   Thumb Code   274  bsp_sdio_sdcard.o(i.SDEnWideBus)
    i.SDIO_ClearFlag                         0x08001568   Section        0  stm32f10x_sdio.o(i.SDIO_ClearFlag)
    i.SDIO_ClearITPendingBit                 0x08001574   Section        0  stm32f10x_sdio.o(i.SDIO_ClearITPendingBit)
    i.SDIO_ClockCmd                          0x08001580   Section        0  stm32f10x_sdio.o(i.SDIO_ClockCmd)
    i.SDIO_DMACmd                            0x0800158c   Section        0  stm32f10x_sdio.o(i.SDIO_DMACmd)
    i.SDIO_DataConfig                        0x08001598   Section        0  stm32f10x_sdio.o(i.SDIO_DataConfig)
    i.SDIO_DeInit                            0x080015c8   Section        0  stm32f10x_sdio.o(i.SDIO_DeInit)
    i.SDIO_GetCommandResponse                0x080015ec   Section        0  stm32f10x_sdio.o(i.SDIO_GetCommandResponse)
    i.SDIO_GetFlagStatus                     0x080015f8   Section        0  stm32f10x_sdio.o(i.SDIO_GetFlagStatus)
    i.SDIO_GetPowerState                     0x08001610   Section        0  stm32f10x_sdio.o(i.SDIO_GetPowerState)
    i.SDIO_GetResponse                       0x08001620   Section        0  stm32f10x_sdio.o(i.SDIO_GetResponse)
    i.SDIO_IRQHandler                        0x08001638   Section        0  stm32f10x_it.o(i.SDIO_IRQHandler)
    i.SDIO_ITConfig                          0x08001640   Section        0  stm32f10x_sdio.o(i.SDIO_ITConfig)
    i.SDIO_Init                              0x08001660   Section        0  stm32f10x_sdio.o(i.SDIO_Init)
    i.SDIO_ReadData                          0x08001690   Section        0  stm32f10x_sdio.o(i.SDIO_ReadData)
    i.SDIO_SendCommand                       0x0800169c   Section        0  stm32f10x_sdio.o(i.SDIO_SendCommand)
    i.SDIO_SetPowerState                     0x080016c8   Section        0  stm32f10x_sdio.o(i.SDIO_SetPowerState)
    i.SD_DMAEndOfTransferStatus              0x080016e4   Section        0  bsp_sdio_sdcard.o(i.SD_DMAEndOfTransferStatus)
    SD_DMAEndOfTransferStatus                0x080016e5   Thumb Code    10  bsp_sdio_sdcard.o(i.SD_DMAEndOfTransferStatus)
    i.SD_DMA_RxConfig                        0x080016f4   Section        0  bsp_sdio_sdcard.o(i.SD_DMA_RxConfig)
    SD_DMA_RxConfig                          0x080016f5   Thumb Code    86  bsp_sdio_sdcard.o(i.SD_DMA_RxConfig)
    i.SD_DMA_TxConfig                        0x08001758   Section        0  bsp_sdio_sdcard.o(i.SD_DMA_TxConfig)
    SD_DMA_TxConfig                          0x08001759   Thumb Code    86  bsp_sdio_sdcard.o(i.SD_DMA_TxConfig)
    i.SD_EnableWideBusOperation              0x080017bc   Section        0  bsp_sdio_sdcard.o(i.SD_EnableWideBusOperation)
    i.SD_GetCardInfo                         0x08001850   Section        0  bsp_sdio_sdcard.o(i.SD_GetCardInfo)
    i.SD_GetState                            0x08001b5c   Section        0  bsp_sdio_sdcard.o(i.SD_GetState)
    i.SD_GetStatus                           0x08001b76   Section        0  bsp_sdio_sdcard.o(i.SD_GetStatus)
    i.SD_Init                                0x08001b94   Section        0  bsp_sdio_sdcard.o(i.SD_Init)
    i.SD_InitializeCards                     0x08001c08   Section        0  bsp_sdio_sdcard.o(i.SD_InitializeCards)
    i.SD_PowerON                             0x08001d44   Section        0  bsp_sdio_sdcard.o(i.SD_PowerON)
    i.SD_ProcessIRQSrc                       0x08001ecc   Section        0  bsp_sdio_sdcard.o(i.SD_ProcessIRQSrc)
    i.SD_ReadMultiBlocks                     0x08001f24   Section        0  bsp_sdio_sdcard.o(i.SD_ReadMultiBlocks)
    i.SD_SelectDeselect                      0x0800201c   Section        0  bsp_sdio_sdcard.o(i.SD_SelectDeselect)
    i.SD_SendStatus                          0x08002050   Section        0  bsp_sdio_sdcard.o(i.SD_SendStatus)
    i.SD_WaitReadOperation                   0x08002088   Section        0  bsp_sdio_sdcard.o(i.SD_WaitReadOperation)
    i.SD_WaitWriteOperation                  0x080020bc   Section        0  bsp_sdio_sdcard.o(i.SD_WaitWriteOperation)
    i.SD_WriteMultiBlocks                    0x080020f8   Section        0  bsp_sdio_sdcard.o(i.SD_WriteMultiBlocks)
    i.SVC_Handler                            0x08002250   Section        0  stm32f10x_it.o(i.SVC_Handler)
    i.SetSysClock                            0x08002252   Section        0  system_stm32f10x.o(i.SetSysClock)
    SetSysClock                              0x08002253   Thumb Code     8  system_stm32f10x.o(i.SetSysClock)
    i.SetSysClockTo72                        0x0800225c   Section        0  system_stm32f10x.o(i.SetSysClockTo72)
    SetSysClockTo72                          0x0800225d   Thumb Code   214  system_stm32f10x.o(i.SetSysClockTo72)
    i.SysTick_Handler                        0x0800233c   Section        0  stm32f10x_it.o(i.SysTick_Handler)
    i.SystemInit                             0x08002340   Section        0  system_stm32f10x.o(i.SystemInit)
    i.USART_Cmd                              0x080023a0   Section        0  stm32f10x_usart.o(i.USART_Cmd)
    i.USART_Config                           0x080023b8   Section        0  bsp_usart.o(i.USART_Config)
    i.USART_GetFlagStatus                    0x08002438   Section        0  stm32f10x_usart.o(i.USART_GetFlagStatus)
    i.USART_Init                             0x08002454   Section        0  stm32f10x_usart.o(i.USART_Init)
    i.USART_SendData                         0x0800252c   Section        0  stm32f10x_usart.o(i.USART_SendData)
    i.UsageFault_Handler                     0x08002534   Section        0  stm32f10x_it.o(i.UsageFault_Handler)
    i.__0printf$4                            0x08002538   Section        0  printf4.o(i.__0printf$4)
    i.__scatterload_copy                     0x08002558   Section       14  handlers.o(i.__scatterload_copy)
    i.__scatterload_null                     0x08002566   Section        2  handlers.o(i.__scatterload_null)
    i.__scatterload_zeroinit                 0x08002568   Section       14  handlers.o(i.__scatterload_zeroinit)
    i._printf_core                           0x08002578   Section        0  printf4.o(i._printf_core)
    _printf_core                             0x08002579   Thumb Code   552  printf4.o(i._printf_core)
    i.alloc_pool                             0x080027a4   Section        0  tjpgd.o(i.alloc_pool)
    alloc_pool                               0x080027a5   Thumb Code    30  tjpgd.o(i.alloc_pool)
    i.bitext                                 0x080027c2   Section        0  tjpgd.o(i.bitext)
    bitext                                   0x080027c3   Thumb Code   144  tjpgd.o(i.bitext)
    i.block_idct                             0x08002854   Section        0  tjpgd.o(i.block_idct)
    block_idct                               0x08002855   Thumb Code   676  tjpgd.o(i.block_idct)
    i.check_fs                               0x08002afc   Section        0  ff.o(i.check_fs)
    check_fs                                 0x08002afd   Thumb Code   140  ff.o(i.check_fs)
    i.chk_chr                                0x08002b8c   Section        0  ff.o(i.chk_chr)
    chk_chr                                  0x08002b8d   Thumb Code    20  ff.o(i.chk_chr)
    i.clust2sect                             0x08002ba0   Section        0  ff.o(i.clust2sect)
    i.cmp_lfn                                0x08002bbc   Section        0  ff.o(i.cmp_lfn)
    cmp_lfn                                  0x08002bbd   Thumb Code   154  ff.o(i.cmp_lfn)
    i.create_chain                           0x08002c5c   Section        0  ff.o(i.create_chain)
    create_chain                             0x08002c5d   Thumb Code   214  ff.o(i.create_chain)
    i.create_huffman_tbl                     0x08002d32   Section        0  tjpgd.o(i.create_huffman_tbl)
    create_huffman_tbl                       0x08002d33   Thumb Code   308  tjpgd.o(i.create_huffman_tbl)
    i.create_name                            0x08002e68   Section        0  ff.o(i.create_name)
    create_name                              0x08002e69   Thumb Code   534  ff.o(i.create_name)
    i.create_qt_tbl                          0x08003098   Section        0  tjpgd.o(i.create_qt_tbl)
    create_qt_tbl                            0x08003099   Thumb Code   108  tjpgd.o(i.create_qt_tbl)
    i.dir_alloc                              0x0800310c   Section        0  ff.o(i.dir_alloc)
    dir_alloc                                0x0800310d   Thumb Code    92  ff.o(i.dir_alloc)
    i.dir_find                               0x08003168   Section        0  ff.o(i.dir_find)
    dir_find                                 0x08003169   Thumb Code   234  ff.o(i.dir_find)
    i.dir_next                               0x08003252   Section        0  ff.o(i.dir_next)
    dir_next                                 0x08003253   Thumb Code   314  ff.o(i.dir_next)
    i.dir_register                           0x0800338c   Section        0  ff.o(i.dir_register)
    dir_register                             0x0800338d   Thumb Code   298  ff.o(i.dir_register)
    i.dir_sdi                                0x080034b6   Section        0  ff.o(i.dir_sdi)
    dir_sdi                                  0x080034b7   Thumb Code   200  ff.o(i.dir_sdi)
    i.disk_initialize                        0x0800357e   Section        0  diskio.o(i.disk_initialize)
    i.disk_ioctl                             0x080035a8   Section        0  diskio.o(i.disk_ioctl)
    i.disk_read                              0x08003614   Section        0  diskio.o(i.disk_read)
    i.disk_status                            0x080036ca   Section        0  diskio.o(i.disk_status)
    i.disk_write                             0x080036e6   Section        0  diskio.o(i.disk_write)
    i.f_close                                0x080037a2   Section        0  ff.o(i.f_close)
    i.f_lseek                                0x080037c2   Section        0  ff.o(i.f_lseek)
    i.f_mount                                0x0800395c   Section        0  ff.o(i.f_mount)
    i.f_open                                 0x080039b8   Section        0  ff.o(i.f_open)
    i.f_read                                 0x08003b36   Section        0  ff.o(i.f_read)
    i.f_sync                                 0x08003d06   Section        0  ff.o(i.f_sync)
    i.ff_convert                             0x08003db8   Section        0  ccsbcs.o(i.ff_convert)
    i.ff_wtoupper                            0x08003e04   Section        0  ccsbcs.o(i.ff_wtoupper)
    i.find_volume                            0x08003e60   Section        0  ff.o(i.find_volume)
    find_volume                              0x08003e61   Thumb Code   966  ff.o(i.find_volume)
    i.fit_lfn                                0x08004238   Section        0  ff.o(i.fit_lfn)
    fit_lfn                                  0x08004239   Thumb Code   122  ff.o(i.fit_lfn)
    i.follow_path                            0x080042b8   Section        0  ff.o(i.follow_path)
    follow_path                              0x080042b9   Thumb Code   144  ff.o(i.follow_path)
    i.fputc                                  0x08004348   Section        0  bsp_usart.o(i.fputc)
    i.free                                   0x0800436c   Section        0  malloc.o(i.free)
    i.gen_numname                            0x080043bc   Section        0  ff.o(i.gen_numname)
    gen_numname                              0x080043bd   Thumb Code   176  ff.o(i.gen_numname)
    i.get_fat                                0x08004470   Section        0  ff.o(i.get_fat)
    i.get_fattime                            0x080045b0   Section        0  diskio.o(i.get_fattime)
    i.get_ldnumber                           0x080045b8   Section        0  ff.o(i.get_ldnumber)
    get_ldnumber                             0x080045b9   Thumb Code    74  ff.o(i.get_ldnumber)
    i.huffext                                0x08004602   Section        0  tjpgd.o(i.huffext)
    huffext                                  0x08004603   Thumb Code   192  tjpgd.o(i.huffext)
    i.in_func                                0x080046c2   Section        0  jpgport.o(i.in_func)
    i.jd_decomp                              0x08004704   Section        0  tjpgd.o(i.jd_decomp)
    i.jd_prepare                             0x080047a6   Section        0  tjpgd.o(i.jd_prepare)
    i.jpgDisplay                             0x08004b44   Section        0  jpgport.o(i.jpgDisplay)
    i.ld_clust                               0x08004c60   Section        0  ff.o(i.ld_clust)
    ld_clust                                 0x08004c61   Thumb Code    32  ff.o(i.ld_clust)
    i.main                                   0x08004c80   Section        0  main.o(i.main)
    i.malloc                                 0x08004db8   Section        0  malloc.o(i.malloc)
    i.mcu_load                               0x08004e24   Section        0  tjpgd.o(i.mcu_load)
    mcu_load                                 0x08004e25   Thumb Code   476  tjpgd.o(i.mcu_load)
    i.mcu_output                             0x08005004   Section        0  tjpgd.o(i.mcu_output)
    mcu_output                               0x08005005   Thumb Code   916  tjpgd.o(i.mcu_output)
    i.mem_cmp                                0x0800539c   Section        0  ff.o(i.mem_cmp)
    mem_cmp                                  0x0800539d   Thumb Code    38  ff.o(i.mem_cmp)
    i.mem_cpy                                0x080053c2   Section        0  ff.o(i.mem_cpy)
    mem_cpy                                  0x080053c3   Thumb Code    26  ff.o(i.mem_cpy)
    i.mem_set                                0x080053dc   Section        0  ff.o(i.mem_set)
    mem_set                                  0x080053dd   Thumb Code    20  ff.o(i.mem_set)
    i.move_window                            0x080053f0   Section        0  ff.o(i.move_window)
    move_window                              0x080053f1   Thumb Code    52  ff.o(i.move_window)
    i.out_func                               0x08005424   Section        0  jpgport.o(i.out_func)
    i.put_fat                                0x080054bc   Section        0  ff.o(i.put_fat)
    i.remove_chain                           0x08005644   Section        0  ff.o(i.remove_chain)
    remove_chain                             0x08005645   Thumb Code   108  ff.o(i.remove_chain)
    i.restart                                0x080056b0   Section        0  tjpgd.o(i.restart)
    restart                                  0x080056b1   Thumb Code   112  tjpgd.o(i.restart)
    i.st_clust                               0x08005720   Section        0  ff.o(i.st_clust)
    st_clust                                 0x08005721   Thumb Code    16  ff.o(i.st_clust)
    i.sum_sfn                                0x08005730   Section        0  ff.o(i.sum_sfn)
    sum_sfn                                  0x08005731   Thumb Code    32  ff.o(i.sum_sfn)
    i.sync_fs                                0x08005750   Section        0  ff.o(i.sync_fs)
    sync_fs                                  0x08005751   Thumb Code   200  ff.o(i.sync_fs)
    i.sync_window                            0x08005818   Section        0  ff.o(i.sync_window)
    sync_window                              0x08005819   Thumb Code    82  ff.o(i.sync_window)
    i.validate                               0x0800586a   Section        0  ff.o(i.validate)
    validate                                 0x0800586b   Thumb Code    50  ff.o(i.validate)
    .constdata                               0x0800589c   Section    15200  fonts.o(.constdata)
    .constdata                               0x080093fc   Section      186  ff.o(.constdata)
    ExCvt                                    0x080093fc   Data         128  ff.o(.constdata)
    LfnOfs                                   0x0800947c   Data          13  ff.o(.constdata)
    vst                                      0x0800948a   Data          22  ff.o(.constdata)
    cst                                      0x080094a0   Data          22  ff.o(.constdata)
    .constdata                               0x080094b6   Section     2232  ccsbcs.o(.constdata)
    Tbl                                      0x080094b6   Data         256  ccsbcs.o(.constdata)
    lower                                    0x080095b6   Data         988  ccsbcs.o(.constdata)
    upper                                    0x08009992   Data         988  ccsbcs.o(.constdata)
    .constdata                               0x08009d6e   Section     1216  tjpgd.o(.constdata)
    Zig                                      0x08009d6e   Data          64  tjpgd.o(.constdata)
    Ipsf                                     0x08009dae   Data         128  tjpgd.o(.constdata)
    Clip8                                    0x08009e2e   Data        1024  tjpgd.o(.constdata)
    .data                                    0x20000000   Section       20  stm32f10x_rcc.o(.data)
    APBAHBPrescTable                         0x20000000   Data          16  stm32f10x_rcc.o(.data)
    ADCPrescTable                            0x20000010   Data           4  stm32f10x_rcc.o(.data)
    .data                                    0x20000014   Section        1  main.o(.data)
    .data                                    0x20000018   Section       16  bsp_ili9341_lcd.o(.data)
    LCD_Currentfonts                         0x20000020   Data           4  bsp_ili9341_lcd.o(.data)
    CurrentTextColor                         0x20000024   Data           2  bsp_ili9341_lcd.o(.data)
    CurrentBackColor                         0x20000026   Data           2  bsp_ili9341_lcd.o(.data)
    .data                                    0x20000028   Section       24  fonts.o(.data)
    .data                                    0x20000040   Section       20  bsp_sdio_sdcard.o(.data)
    CardType                                 0x20000040   Data           4  bsp_sdio_sdcard.o(.data)
    RCA                                      0x20000044   Data           4  bsp_sdio_sdcard.o(.data)
    .data                                    0x20000054   Section       10  ff.o(.data)
    FatFs                                    0x20000054   Data           8  ff.o(.data)
    Fsid                                     0x2000005c   Data           2  ff.o(.data)
    .data                                    0x20000060   Section        4  stdout.o(.data)
    .data                                    0x20000064   Section        4  mvars.o(.data)
    .data                                    0x20000068   Section        4  mvars.o(.data)
    .bss                                     0x2000006c   Section     4144  main.o(.bss)
    .bss                                     0x200010a0   Section      204  bsp_sdio_sdcard.o(.bss)
    CSD_Tab                                  0x200010a0   Data          16  bsp_sdio_sdcard.o(.bss)
    CID_Tab                                  0x200010b0   Data          16  bsp_sdio_sdcard.o(.bss)
    SDSTATUS_Tab                             0x200010c0   Data          16  bsp_sdio_sdcard.o(.bss)
    HEAP                                     0x20001170   Section     8192  startup_stm32f10x_hd.o(HEAP)
    STACK                                    0x20003170   Section     8192  startup_stm32f10x_hd.o(STACK)

    Global Symbols

    Symbol Name                              Value     Ov Type        Size  Object(Section)

    BuildAttributes$$THM_ISAv4$P$D$K$B$S$PE$A:L22UL41UL21$X:L11$S22US41US21$IEEE1$IW$USESV6$~STKCKD$USESV7$~SHL$OSPACE$ROPI$EBA8$MICROLIB$REQ8$PRES8$EABIv2 0x00000000   Number         0  anon$$obj.o ABSOLUTE
    __ARM_use_no_argv                        0x00000000   Number         0  main.o ABSOLUTE
    _printf_a                                0x00000000   Number         0  stubs.o ABSOLUTE
    _printf_c                                0x00000000   Number         0  stubs.o ABSOLUTE
    _printf_charcount                        0x00000000   Number         0  stubs.o ABSOLUTE
    _printf_d                                0x00000000   Number         0  stubs.o ABSOLUTE
    _printf_e                                0x00000000   Number         0  stubs.o ABSOLUTE
    _printf_f                                0x00000000   Number         0  stubs.o ABSOLUTE
    _printf_flags                            0x00000000   Number         0  stubs.o ABSOLUTE
    _printf_fp_dec                           0x00000000   Number         0  stubs.o ABSOLUTE
    _printf_fp_hex                           0x00000000   Number         0  stubs.o ABSOLUTE
    _printf_g                                0x00000000   Number         0  stubs.o ABSOLUTE
    _printf_i                                0x00000000   Number         0  stubs.o ABSOLUTE
    _printf_int_dec                          0x00000000   Number         0  stubs.o ABSOLUTE
    _printf_l                                0x00000000   Number         0  stubs.o ABSOLUTE
    _printf_lc                               0x00000000   Number         0  stubs.o ABSOLUTE
    _printf_ll                               0x00000000   Number         0  stubs.o ABSOLUTE
    _printf_lld                              0x00000000   Number         0  stubs.o ABSOLUTE
    _printf_lli                              0x00000000   Number         0  stubs.o ABSOLUTE
    _printf_llo                              0x00000000   Number         0  stubs.o ABSOLUTE
    _printf_llu                              0x00000000   Number         0  stubs.o ABSOLUTE
    _printf_llx                              0x00000000   Number         0  stubs.o ABSOLUTE
    _printf_longlong_dec                     0x00000000   Number         0  stubs.o ABSOLUTE
    _printf_longlong_hex                     0x00000000   Number         0  stubs.o ABSOLUTE
    _printf_longlong_oct                     0x00000000   Number         0  stubs.o ABSOLUTE
    _printf_ls                               0x00000000   Number         0  stubs.o ABSOLUTE
    _printf_mbtowc                           0x00000000   Number         0  stubs.o ABSOLUTE
    _printf_n                                0x00000000   Number         0  stubs.o ABSOLUTE
    _printf_o                                0x00000000   Number         0  stubs.o ABSOLUTE
    _printf_p                                0x00000000   Number         0  stubs.o ABSOLUTE
    _printf_percent                          0x00000000   Number         0  stubs.o ABSOLUTE
    _printf_pre_padding                      0x00000000   Number         0  stubs.o ABSOLUTE
    _printf_return_value                     0x00000000   Number         0  stubs.o ABSOLUTE
    _printf_s                                0x00000000   Number         0  stubs.o ABSOLUTE
    _printf_sizespec                         0x00000000   Number         0  stubs.o ABSOLUTE
    _printf_str                              0x00000000   Number         0  stubs.o ABSOLUTE
    _printf_truncate_signed                  0x00000000   Number         0  stubs.o ABSOLUTE
    _printf_truncate_unsigned                0x00000000   Number         0  stubs.o ABSOLUTE
    _printf_u                                0x00000000   Number         0  stubs.o ABSOLUTE
    _printf_wc                               0x00000000   Number         0  stubs.o ABSOLUTE
    _printf_wctomb                           0x00000000   Number         0  stubs.o ABSOLUTE
    _printf_widthprec                        0x00000000   Number         0  stubs.o ABSOLUTE
    _printf_x                                0x00000000   Number         0  stubs.o ABSOLUTE
    __arm_fini_                               - Undefined Weak Reference
    __cpp_initialize__aeabi_                  - Undefined Weak Reference
    __cxa_finalize                            - Undefined Weak Reference
    __decompress                              - Undefined Weak Reference
    _clock_init                               - Undefined Weak Reference
    _microlib_exit                            - Undefined Weak Reference
    __Vectors_Size                           0x00000130   Number         0  startup_stm32f10x_hd.o ABSOLUTE
    __Vectors                                0x08000000   Data           4  startup_stm32f10x_hd.o(RESET)
    __Vectors_End                            0x08000130   Data           0  startup_stm32f10x_hd.o(RESET)
    __main                                   0x08000131   Thumb Code     0  entry.o(.ARM.Collect$$$$00000000)
    _main_stk                                0x08000131   Thumb Code     0  entry2.o(.ARM.Collect$$$$00000001)
    _main_scatterload                        0x08000135   Thumb Code     0  entry5.o(.ARM.Collect$$$$00000004)
    __main_after_scatterload                 0x08000139   Thumb Code     0  entry5.o(.ARM.Collect$$$$00000004)
    _main_clock                              0x08000139   Thumb Code     0  entry7b.o(.ARM.Collect$$$$00000008)
    _main_cpp_init                           0x08000139   Thumb Code     0  entry8b.o(.ARM.Collect$$$$0000000A)
    _main_init                               0x08000139   Thumb Code     0  entry9a.o(.ARM.Collect$$$$0000000B)
    __rt_lib_shutdown_fini                   0x08000141   Thumb Code     0  entry12b.o(.ARM.Collect$$$$0000000E)
    __rt_final_cpp                           0x08000145   Thumb Code     0  entry10a.o(.ARM.Collect$$$$0000000F)
    __rt_final_exit                          0x08000145   Thumb Code     0  entry11a.o(.ARM.Collect$$$$00000011)
    Reset_Handler                            0x08000149   Thumb Code     8  startup_stm32f10x_hd.o(.text)
    ADC1_2_IRQHandler                        0x08000163   Thumb Code     0  startup_stm32f10x_hd.o(.text)
    ADC3_IRQHandler                          0x08000163   Thumb Code     0  startup_stm32f10x_hd.o(.text)
    CAN1_RX1_IRQHandler                      0x08000163   Thumb Code     0  startup_stm32f10x_hd.o(.text)
    CAN1_SCE_IRQHandler                      0x08000163   Thumb Code     0  startup_stm32f10x_hd.o(.text)
    DMA1_Channel1_IRQHandler                 0x08000163   Thumb Code     0  startup_stm32f10x_hd.o(.text)
    DMA1_Channel2_IRQHandler                 0x08000163   Thumb Code     0  startup_stm32f10x_hd.o(.text)
    DMA1_Channel3_IRQHandler                 0x08000163   Thumb Code     0  startup_stm32f10x_hd.o(.text)
    DMA1_Channel4_IRQHandler                 0x08000163   Thumb Code     0  startup_stm32f10x_hd.o(.text)
    DMA1_Channel5_IRQHandler                 0x08000163   Thumb Code     0  startup_stm32f10x_hd.o(.text)
    DMA1_Channel6_IRQHandler                 0x08000163   Thumb Code     0  startup_stm32f10x_hd.o(.text)
    DMA1_Channel7_IRQHandler                 0x08000163   Thumb Code     0  startup_stm32f10x_hd.o(.text)
    DMA2_Channel1_IRQHandler                 0x08000163   Thumb Code     0  startup_stm32f10x_hd.o(.text)
    DMA2_Channel2_IRQHandler                 0x08000163   Thumb Code     0  startup_stm32f10x_hd.o(.text)
    DMA2_Channel3_IRQHandler                 0x08000163   Thumb Code     0  startup_stm32f10x_hd.o(.text)
    DMA2_Channel4_5_IRQHandler               0x08000163   Thumb Code     0  startup_stm32f10x_hd.o(.text)
    EXTI0_IRQHandler                         0x08000163   Thumb Code     0  startup_stm32f10x_hd.o(.text)
    EXTI15_10_IRQHandler                     0x08000163   Thumb Code     0  startup_stm32f10x_hd.o(.text)
    EXTI1_IRQHandler                         0x08000163   Thumb Code     0  startup_stm32f10x_hd.o(.text)
    EXTI2_IRQHandler                         0x08000163   Thumb Code     0  startup_stm32f10x_hd.o(.text)
    EXTI3_IRQHandler                         0x08000163   Thumb Code     0  startup_stm32f10x_hd.o(.text)
    EXTI4_IRQHandler                         0x08000163   Thumb Code     0  startup_stm32f10x_hd.o(.text)
    EXTI9_5_IRQHandler                       0x08000163   Thumb Code     0  startup_stm32f10x_hd.o(.text)
    FLASH_IRQHandler                         0x08000163   Thumb Code     0  startup_stm32f10x_hd.o(.text)
    FSMC_IRQHandler                          0x08000163   Thumb Code     0  startup_stm32f10x_hd.o(.text)
    I2C1_ER_IRQHandler                       0x08000163   Thumb Code     0  startup_stm32f10x_hd.o(.text)
    I2C1_EV_IRQHandler                       0x08000163   Thumb Code     0  startup_stm32f10x_hd.o(.text)
    I2C2_ER_IRQHandler                       0x08000163   Thumb Code     0  startup_stm32f10x_hd.o(.text)
    I2C2_EV_IRQHandler                       0x08000163   Thumb Code     0  startup_stm32f10x_hd.o(.text)
    PVD_IRQHandler                           0x08000163   Thumb Code     0  startup_stm32f10x_hd.o(.text)
    RCC_IRQHandler                           0x08000163   Thumb Code     0  startup_stm32f10x_hd.o(.text)
    RTCAlarm_IRQHandler                      0x08000163   Thumb Code     0  startup_stm32f10x_hd.o(.text)
    RTC_IRQHandler                           0x08000163   Thumb Code     0  startup_stm32f10x_hd.o(.text)
    SPI1_IRQHandler                          0x08000163   Thumb Code     0  startup_stm32f10x_hd.o(.text)
    SPI2_IRQHandler                          0x08000163   Thumb Code     0  startup_stm32f10x_hd.o(.text)
    SPI3_IRQHandler                          0x08000163   Thumb Code     0  startup_stm32f10x_hd.o(.text)
    TAMPER_IRQHandler                        0x08000163   Thumb Code     0  startup_stm32f10x_hd.o(.text)
    TIM1_BRK_IRQHandler                      0x08000163   Thumb Code     0  startup_stm32f10x_hd.o(.text)
    TIM1_CC_IRQHandler                       0x08000163   Thumb Code     0  startup_stm32f10x_hd.o(.text)
    TIM1_TRG_COM_IRQHandler                  0x08000163   Thumb Code     0  startup_stm32f10x_hd.o(.text)
    TIM1_UP_IRQHandler                       0x08000163   Thumb Code     0  startup_stm32f10x_hd.o(.text)
    TIM2_IRQHandler                          0x08000163   Thumb Code     0  startup_stm32f10x_hd.o(.text)
    TIM3_IRQHandler                          0x08000163   Thumb Code     0  startup_stm32f10x_hd.o(.text)
    TIM4_IRQHandler                          0x08000163   Thumb Code     0  startup_stm32f10x_hd.o(.text)
    TIM5_IRQHandler                          0x08000163   Thumb Code     0  startup_stm32f10x_hd.o(.text)
    TIM6_IRQHandler                          0x08000163   Thumb Code     0  startup_stm32f10x_hd.o(.text)
    TIM7_IRQHandler                          0x08000163   Thumb Code     0  startup_stm32f10x_hd.o(.text)
    TIM8_BRK_IRQHandler                      0x08000163   Thumb Code     0  startup_stm32f10x_hd.o(.text)
    TIM8_CC_IRQHandler                       0x08000163   Thumb Code     0  startup_stm32f10x_hd.o(.text)
    TIM8_TRG_COM_IRQHandler                  0x08000163   Thumb Code     0  startup_stm32f10x_hd.o(.text)
    TIM8_UP_IRQHandler                       0x08000163   Thumb Code     0  startup_stm32f10x_hd.o(.text)
    UART4_IRQHandler                         0x08000163   Thumb Code     0  startup_stm32f10x_hd.o(.text)
    UART5_IRQHandler                         0x08000163   Thumb Code     0  startup_stm32f10x_hd.o(.text)
    USART1_IRQHandler                        0x08000163   Thumb Code     0  startup_stm32f10x_hd.o(.text)
    USART2_IRQHandler                        0x08000163   Thumb Code     0  startup_stm32f10x_hd.o(.text)
    USART3_IRQHandler                        0x08000163   Thumb Code     0  startup_stm32f10x_hd.o(.text)
    USBWakeUp_IRQHandler                     0x08000163   Thumb Code     0  startup_stm32f10x_hd.o(.text)
    USB_HP_CAN1_TX_IRQHandler                0x08000163   Thumb Code     0  startup_stm32f10x_hd.o(.text)
    USB_LP_CAN1_RX0_IRQHandler               0x08000163   Thumb Code     0  startup_stm32f10x_hd.o(.text)
    WWDG_IRQHandler                          0x08000163   Thumb Code     0  startup_stm32f10x_hd.o(.text)
    __aeabi_uldivmod                         0x0800016d   Thumb Code    98  uldiv.o(.text)
    __aeabi_memcpy                           0x080001cf   Thumb Code    36  memcpya.o(.text)
    __aeabi_memcpy4                          0x080001cf   Thumb Code     0  memcpya.o(.text)
    __aeabi_memcpy8                          0x080001cf   Thumb Code     0  memcpya.o(.text)
    __aeabi_memset                           0x080001f3   Thumb Code    14  memseta.o(.text)
    __aeabi_memset4                          0x080001f3   Thumb Code     0  memseta.o(.text)
    __aeabi_memset8                          0x080001f3   Thumb Code     0  memseta.o(.text)
    __aeabi_memclr                           0x08000201   Thumb Code     4  memseta.o(.text)
    __aeabi_memclr4                          0x08000201   Thumb Code     0  memseta.o(.text)
    __aeabi_memclr8                          0x08000201   Thumb Code     0  memseta.o(.text)
    _memset$wrapper                          0x08000205   Thumb Code    18  memseta.o(.text)
    __aeabi_llsl                             0x08000217   Thumb Code    30  llshl.o(.text)
    _ll_shift_l                              0x08000217   Thumb Code     0  llshl.o(.text)
    __aeabi_llsr                             0x08000235   Thumb Code    32  llushr.o(.text)
    _ll_ushift_r                             0x08000235   Thumb Code     0  llushr.o(.text)
    __scatterload                            0x08000255   Thumb Code    28  init.o(.text)
    __scatterload_rt2                        0x08000255   Thumb Code     0  init.o(.text)
    BusFault_Handler                         0x08000279   Thumb Code     4  stm32f10x_it.o(i.BusFault_Handler)
    DMA_ClearFlag                            0x0800043d   Thumb Code    18  stm32f10x_dma.o(i.DMA_ClearFlag)
    DMA_Cmd                                  0x08000459   Thumb Code    24  stm32f10x_dma.o(i.DMA_Cmd)
    DMA_GetFlagStatus                        0x08000471   Thumb Code    36  stm32f10x_dma.o(i.DMA_GetFlagStatus)
    DMA_Init                                 0x0800049d   Thumb Code    60  stm32f10x_dma.o(i.DMA_Init)
    DebugMon_Handler                         0x080004d9   Thumb Code     2  stm32f10x_it.o(i.DebugMon_Handler)
    FSMC_NORSRAMCmd                          0x080004dd   Thumb Code    46  stm32f10x_fsmc.o(i.FSMC_NORSRAMCmd)
    FSMC_NORSRAMInit                         0x08000511   Thumb Code   230  stm32f10x_fsmc.o(i.FSMC_NORSRAMInit)
    GPIO_Init                                0x080007e5   Thumb Code   278  stm32f10x_gpio.o(i.GPIO_Init)
    GPIO_ResetBits                           0x080008fb   Thumb Code     4  stm32f10x_gpio.o(i.GPIO_ResetBits)
    GPIO_SetBits                             0x080008ff   Thumb Code     4  stm32f10x_gpio.o(i.GPIO_SetBits)
    HardFault_Handler                        0x08000903   Thumb Code     4  stm32f10x_it.o(i.HardFault_Handler)
    ILI9341_BackLed_Control                  0x08000909   Thumb Code    30  bsp_ili9341_lcd.o(i.ILI9341_BackLed_Control)
    ILI9341_Clear                            0x0800092d   Thumb Code    40  bsp_ili9341_lcd.o(i.ILI9341_Clear)
    ILI9341_GramScan                         0x08000b91   Thumb Code   208  bsp_ili9341_lcd.o(i.ILI9341_GramScan)
    ILI9341_Init                             0x08000c71   Thumb Code    34  bsp_ili9341_lcd.o(i.ILI9341_Init)
    ILI9341_OpenWindow                       0x08000c99   Thumb Code    96  bsp_ili9341_lcd.o(i.ILI9341_OpenWindow)
    ILI9341_ReadID                           0x08001149   Thumb Code   108  bsp_ili9341_lcd.o(i.ILI9341_ReadID)
    ILI9341_Read_Data                        0x080011b9   Thumb Code     6  bsp_ili9341_lcd.o(i.ILI9341_Read_Data)
    ILI9341_Rst                              0x080011c5   Thumb Code    36  bsp_ili9341_lcd.o(i.ILI9341_Rst)
    ILI9341_Write_Cmd                        0x080011ed   Thumb Code     8  bsp_ili9341_lcd.o(i.ILI9341_Write_Cmd)
    ILI9341_Write_Data                       0x080011f5   Thumb Code     6  bsp_ili9341_lcd.o(i.ILI9341_Write_Data)
    LCD_SetColors                            0x08001201   Thumb Code    10  bsp_ili9341_lcd.o(i.LCD_SetColors)
    LCD_SetFont                              0x08001215   Thumb Code     6  bsp_ili9341_lcd.o(i.LCD_SetFont)
    LED_GPIO_Config                          0x08001221   Thumb Code    90  bsp_led.o(i.LED_GPIO_Config)
    MemManage_Handler                        0x08001281   Thumb Code     4  stm32f10x_it.o(i.MemManage_Handler)
    NMI_Handler                              0x08001285   Thumb Code     2  stm32f10x_it.o(i.NMI_Handler)
    NVIC_Init                                0x080012b1   Thumb Code   100  misc.o(i.NVIC_Init)
    NVIC_PriorityGroupConfig                 0x08001321   Thumb Code    10  misc.o(i.NVIC_PriorityGroupConfig)
    PendSV_Handler                           0x08001335   Thumb Code     2  stm32f10x_it.o(i.PendSV_Handler)
    RCC_AHBPeriphClockCmd                    0x08001339   Thumb Code    26  stm32f10x_rcc.o(i.RCC_AHBPeriphClockCmd)
    RCC_APB2PeriphClockCmd                   0x08001359   Thumb Code    26  stm32f10x_rcc.o(i.RCC_APB2PeriphClockCmd)
    RCC_GetClocksFreq                        0x08001379   Thumb Code   192  stm32f10x_rcc.o(i.RCC_GetClocksFreq)
    SDIO_ClearFlag                           0x08001569   Thumb Code     6  stm32f10x_sdio.o(i.SDIO_ClearFlag)
    SDIO_ClearITPendingBit                   0x08001575   Thumb Code     6  stm32f10x_sdio.o(i.SDIO_ClearITPendingBit)
    SDIO_ClockCmd                            0x08001581   Thumb Code     6  stm32f10x_sdio.o(i.SDIO_ClockCmd)
    SDIO_DMACmd                              0x0800158d   Thumb Code     6  stm32f10x_sdio.o(i.SDIO_DMACmd)
    SDIO_DataConfig                          0x08001599   Thumb Code    42  stm32f10x_sdio.o(i.SDIO_DataConfig)
    SDIO_DeInit                              0x080015c9   Thumb Code    28  stm32f10x_sdio.o(i.SDIO_DeInit)
    SDIO_GetCommandResponse                  0x080015ed   Thumb Code     8  stm32f10x_sdio.o(i.SDIO_GetCommandResponse)
    SDIO_GetFlagStatus                       0x080015f9   Thumb Code    20  stm32f10x_sdio.o(i.SDIO_GetFlagStatus)
    SDIO_GetPowerState                       0x08001611   Thumb Code    10  stm32f10x_sdio.o(i.SDIO_GetPowerState)
    SDIO_GetResponse                         0x08001621   Thumb Code    20  stm32f10x_sdio.o(i.SDIO_GetResponse)
    SDIO_IRQHandler                          0x08001639   Thumb Code     8  stm32f10x_it.o(i.SDIO_IRQHandler)
    SDIO_ITConfig                            0x08001641   Thumb Code    26  stm32f10x_sdio.o(i.SDIO_ITConfig)
    SDIO_Init                                0x08001661   Thumb Code    42  stm32f10x_sdio.o(i.SDIO_Init)
    SDIO_ReadData                            0x08001691   Thumb Code     6  stm32f10x_sdio.o(i.SDIO_ReadData)
    SDIO_SendCommand                         0x0800169d   Thumb Code    38  stm32f10x_sdio.o(i.SDIO_SendCommand)
    SDIO_SetPowerState                       0x080016c9   Thumb Code    22  stm32f10x_sdio.o(i.SDIO_SetPowerState)
    SD_EnableWideBusOperation                0x080017bd   Thumb Code   140  bsp_sdio_sdcard.o(i.SD_EnableWideBusOperation)
    SD_GetCardInfo                           0x08001851   Thumb Code   764  bsp_sdio_sdcard.o(i.SD_GetCardInfo)
    SD_GetState                              0x08001b5d   Thumb Code    26  bsp_sdio_sdcard.o(i.SD_GetState)
    SD_GetStatus                             0x08001b77   Thumb Code    30  bsp_sdio_sdcard.o(i.SD_GetStatus)
    SD_Init                                  0x08001b95   Thumb Code   106  bsp_sdio_sdcard.o(i.SD_Init)
    SD_InitializeCards                       0x08001c09   Thumb Code   294  bsp_sdio_sdcard.o(i.SD_InitializeCards)
    SD_PowerON                               0x08001d45   Thumb Code   374  bsp_sdio_sdcard.o(i.SD_PowerON)
    SD_ProcessIRQSrc                         0x08001ecd   Thumb Code    70  bsp_sdio_sdcard.o(i.SD_ProcessIRQSrc)
    SD_ReadMultiBlocks                       0x08001f25   Thumb Code   218  bsp_sdio_sdcard.o(i.SD_ReadMultiBlocks)
    SD_SelectDeselect                        0x0800201d   Thumb Code    48  bsp_sdio_sdcard.o(i.SD_SelectDeselect)
    SD_SendStatus                            0x08002051   Thumb Code    46  bsp_sdio_sdcard.o(i.SD_SendStatus)
    SD_WaitReadOperation                     0x08002089   Thumb Code    42  bsp_sdio_sdcard.o(i.SD_WaitReadOperation)
    SD_WaitWriteOperation                    0x080020bd   Thumb Code    50  bsp_sdio_sdcard.o(i.SD_WaitWriteOperation)
    SD_WriteMultiBlocks                      0x080020f9   Thumb Code   312  bsp_sdio_sdcard.o(i.SD_WriteMultiBlocks)
    SVC_Handler                              0x08002251   Thumb Code     2  stm32f10x_it.o(i.SVC_Handler)
    SysTick_Handler                          0x0800233d   Thumb Code     2  stm32f10x_it.o(i.SysTick_Handler)
    SystemInit                               0x08002341   Thumb Code    78  system_stm32f10x.o(i.SystemInit)
    USART_Cmd                                0x080023a1   Thumb Code    24  stm32f10x_usart.o(i.USART_Cmd)
    USART_Config                             0x080023b9   Thumb Code   120  bsp_usart.o(i.USART_Config)
    USART_GetFlagStatus                      0x08002439   Thumb Code    26  stm32f10x_usart.o(i.USART_GetFlagStatus)
    USART_Init                               0x08002455   Thumb Code   210  stm32f10x_usart.o(i.USART_Init)
    USART_SendData                           0x0800252d   Thumb Code     8  stm32f10x_usart.o(i.USART_SendData)
    UsageFault_Handler                       0x08002535   Thumb Code     4  stm32f10x_it.o(i.UsageFault_Handler)
    __0printf$4                              0x08002539   Thumb Code    22  printf4.o(i.__0printf$4)
    __1printf$4                              0x08002539   Thumb Code     0  printf4.o(i.__0printf$4)
    __2printf                                0x08002539   Thumb Code     0  printf4.o(i.__0printf$4)
    __scatterload_copy                       0x08002559   Thumb Code    14  handlers.o(i.__scatterload_copy)
    __scatterload_null                       0x08002567   Thumb Code     2  handlers.o(i.__scatterload_null)
    __scatterload_zeroinit                   0x08002569   Thumb Code    14  handlers.o(i.__scatterload_zeroinit)
    clust2sect                               0x08002ba1   Thumb Code    26  ff.o(i.clust2sect)
    disk_initialize                          0x0800357f   Thumb Code    42  diskio.o(i.disk_initialize)
    disk_ioctl                               0x080035a9   Thumb Code   102  diskio.o(i.disk_ioctl)
    disk_read                                0x08003615   Thumb Code   182  diskio.o(i.disk_read)
    disk_status                              0x080036cb   Thumb Code    28  diskio.o(i.disk_status)
    disk_write                               0x080036e7   Thumb Code   188  diskio.o(i.disk_write)
    f_close                                  0x080037a3   Thumb Code    32  ff.o(i.f_close)
    f_lseek                                  0x080037c3   Thumb Code   410  ff.o(i.f_lseek)
    f_mount                                  0x0800395d   Thumb Code    86  ff.o(i.f_mount)
    f_open                                   0x080039b9   Thumb Code   382  ff.o(i.f_open)
    f_read                                   0x08003b37   Thumb Code   464  ff.o(i.f_read)
    f_sync                                   0x08003d07   Thumb Code   176  ff.o(i.f_sync)
    ff_convert                               0x08003db9   Thumb Code    70  ccsbcs.o(i.ff_convert)
    ff_wtoupper                              0x08003e05   Thumb Code    84  ccsbcs.o(i.ff_wtoupper)
    fputc                                    0x08004349   Thumb Code    32  bsp_usart.o(i.fputc)
    free                                     0x0800436d   Thumb Code    76  malloc.o(i.free)
    get_fat                                  0x08004471   Thumb Code   318  ff.o(i.get_fat)
    get_fattime                              0x080045b1   Thumb Code     4  diskio.o(i.get_fattime)
    in_func                                  0x080046c3   Thumb Code    66  jpgport.o(i.in_func)
    jd_decomp                                0x08004705   Thumb Code   162  tjpgd.o(i.jd_decomp)
    jd_prepare                               0x080047a7   Thumb Code   924  tjpgd.o(i.jd_prepare)
    jpgDisplay                               0x08004b45   Thumb Code   164  jpgport.o(i.jpgDisplay)
    main                                     0x08004c81   Thumb Code   120  main.o(i.main)
    malloc                                   0x08004db9   Thumb Code    92  malloc.o(i.malloc)
    out_func                                 0x08005425   Thumb Code   142  jpgport.o(i.out_func)
    put_fat                                  0x080054bd   Thumb Code   392  ff.o(i.put_fat)
    ASCII8x16_Table                          0x0800589c   Data        1520  fonts.o(.constdata)
    ASCII16x24_Table                         0x08005e8c   Data        4560  fonts.o(.constdata)
    ASCII24x32_Table                         0x0800705c   Data        9120  fonts.o(.constdata)
    Region$$Table$$Base                      0x0800a230   Number         0  anon$$obj.o(Region$$Table)
    Region$$Table$$Limit                     0x0800a250   Number         0  anon$$obj.o(Region$$Table)
    res_sd                                   0x20000014   Data           1  main.o(.data)
    LCD_X_LENGTH                             0x20000018   Data           2  bsp_ili9341_lcd.o(.data)
    LCD_Y_LENGTH                             0x2000001a   Data           2  bsp_ili9341_lcd.o(.data)
    LCD_SCAN_MODE                            0x2000001c   Data           1  bsp_ili9341_lcd.o(.data)
    lcdid                                    0x2000001e   Data           2  bsp_ili9341_lcd.o(.data)
    Font8x16                                 0x20000028   Data           8  fonts.o(.data)
    Font16x24                                0x20000030   Data           8  fonts.o(.data)
    Font24x32                                0x20000038   Data           8  fonts.o(.data)
    StopCondition                            0x20000048   Data           4  bsp_sdio_sdcard.o(.data)
    TransferError                            0x2000004c   Data           1  bsp_sdio_sdcard.o(.data)
    TransferEnd                              0x20000050   Data           4  bsp_sdio_sdcard.o(.data)
    __stdout                                 0x20000060   Data           4  stdout.o(.data)
    __microlib_freelist                      0x20000064   Data           4  mvars.o(.data)
    __microlib_freelist_initialised          0x20000068   Data           4  mvars.o(.data)
    fs                                       0x2000006c   Data        4144  main.o(.bss)
    SDCardInfo                               0x200010d0   Data          88  bsp_sdio_sdcard.o(.bss)
    SDIO_InitStructure                       0x20001128   Data          24  bsp_sdio_sdcard.o(.bss)
    SDIO_CmdInitStructure                    0x20001140   Data          20  bsp_sdio_sdcard.o(.bss)
    SDIO_DataInitStructure                   0x20001154   Data          24  bsp_sdio_sdcard.o(.bss)
    __heap_base                              0x20001170   Data           0  startup_stm32f10x_hd.o(HEAP)
    __heap_limit                             0x20003170   Data           0  startup_stm32f10x_hd.o(HEAP)
    __initial_sp                             0x20005170   Data           0  startup_stm32f10x_hd.o(STACK)



==============================================================================

Memory Map of the image

  Image Entry point : 0x08000131

  Load Region LR_IROM1 (Base: 0x08000000, Size: 0x0000a2bc, Max: 0x00080000, ABSOLUTE)

    Execution Region ER_IROM1 (Exec base: 0x08000000, Load base: 0x08000000, Size: 0x0000a250, Max: 0x00080000, ABSOLUTE)

    Exec Addr    Load Addr    Size         Type   Attr      Idx    E Section Name        Object

    0x08000000   0x08000000   0x00000130   Data   RO            3    RESET               startup_stm32f10x_hd.o
    0x08000130   0x08000130   0x00000000   Code   RO         4218  * .ARM.Collect$$$$00000000  mc_w.l(entry.o)
    0x08000130   0x08000130   0x00000004   Code   RO         4518    .ARM.Collect$$$$00000001  mc_w.l(entry2.o)
    0x08000134   0x08000134   0x00000004   Code   RO         4521    .ARM.Collect$$$$00000004  mc_w.l(entry5.o)
    0x08000138   0x08000138   0x00000000   Code   RO         4523    .ARM.Collect$$$$00000008  mc_w.l(entry7b.o)
    0x08000138   0x08000138   0x00000000   Code   RO         4525    .ARM.Collect$$$$0000000A  mc_w.l(entry8b.o)
    0x08000138   0x08000138   0x00000008   Code   RO         4526    .ARM.Collect$$$$0000000B  mc_w.l(entry9a.o)
    0x08000140   0x08000140   0x00000004   Code   RO         4533    .ARM.Collect$$$$0000000E  mc_w.l(entry12b.o)
    0x08000144   0x08000144   0x00000000   Code   RO         4528    .ARM.Collect$$$$0000000F  mc_w.l(entry10a.o)
    0x08000144   0x08000144   0x00000000   Code   RO         4530    .ARM.Collect$$$$00000011  mc_w.l(entry11a.o)
    0x08000144   0x08000144   0x00000004   Code   RO         4519    .ARM.Collect$$$$00002712  mc_w.l(entry2.o)
    0x08000148   0x08000148   0x00000024   Code   RO            4    .text               startup_stm32f10x_hd.o
    0x0800016c   0x0800016c   0x00000062   Code   RO         4221    .text               mc_w.l(uldiv.o)
    0x080001ce   0x080001ce   0x00000024   Code   RO         4223    .text               mc_w.l(memcpya.o)
    0x080001f2   0x080001f2   0x00000024   Code   RO         4225    .text               mc_w.l(memseta.o)
    0x08000216   0x08000216   0x0000001e   Code   RO         4537    .text               mc_w.l(llshl.o)
    0x08000234   0x08000234   0x00000020   Code   RO         4539    .text               mc_w.l(llushr.o)
    0x08000254   0x08000254   0x00000024   Code   RO         4554    .text               mc_w.l(init.o)
    0x08000278   0x08000278   0x00000004   Code   RO         3141    i.BusFault_Handler  stm32f10x_it.o
    0x0800027c   0x0800027c   0x0000002c   Code   RO         3459    i.CmdError          bsp_sdio_sdcard.o
    0x080002a8   0x080002a8   0x00000028   Code   RO         3460    i.CmdResp1Error     bsp_sdio_sdcard.o
    0x080002d0   0x080002d0   0x0000004c   Code   RO         3461    i.CmdResp2Error     bsp_sdio_sdcard.o
    0x0800031c   0x0800031c   0x00000038   Code   RO         3462    i.CmdResp3Error     bsp_sdio_sdcard.o
    0x08000354   0x08000354   0x0000009c   Code   RO         3463    i.CmdResp6Error     bsp_sdio_sdcard.o
    0x080003f0   0x080003f0   0x0000004c   Code   RO         3464    i.CmdResp7Error     bsp_sdio_sdcard.o
    0x0800043c   0x0800043c   0x0000001c   Code   RO          856    i.DMA_ClearFlag     stm32f10x_dma.o
    0x08000458   0x08000458   0x00000018   Code   RO          858    i.DMA_Cmd           stm32f10x_dma.o
    0x08000470   0x08000470   0x0000002c   Code   RO          861    i.DMA_GetFlagStatus  stm32f10x_dma.o
    0x0800049c   0x0800049c   0x0000003c   Code   RO          864    i.DMA_Init          stm32f10x_dma.o
    0x080004d8   0x080004d8   0x00000002   Code   RO         3142    i.DebugMon_Handler  stm32f10x_it.o
    0x080004da   0x080004da   0x00000002   PAD
    0x080004dc   0x080004dc   0x00000034   Code   RO         1167    i.FSMC_NORSRAMCmd   stm32f10x_fsmc.o
    0x08000510   0x08000510   0x000000e6   Code   RO         1169    i.FSMC_NORSRAMInit  stm32f10x_fsmc.o
    0x080005f6   0x080005f6   0x00000002   PAD
    0x080005f8   0x080005f8   0x0000019c   Code   RO         3465    i.FindSCR           bsp_sdio_sdcard.o
    0x08000794   0x08000794   0x00000050   Code   RO         3466    i.GPIO_Configuration  bsp_sdio_sdcard.o
    0x080007e4   0x080007e4   0x00000116   Code   RO         1282    i.GPIO_Init         stm32f10x_gpio.o
    0x080008fa   0x080008fa   0x00000004   Code   RO         1289    i.GPIO_ResetBits    stm32f10x_gpio.o
    0x080008fe   0x080008fe   0x00000004   Code   RO         1290    i.GPIO_SetBits      stm32f10x_gpio.o
    0x08000902   0x08000902   0x00000004   Code   RO         3143    i.HardFault_Handler  stm32f10x_it.o
    0x08000906   0x08000906   0x00000002   PAD
    0x08000908   0x08000908   0x00000024   Code   RO         3213    i.ILI9341_BackLed_Control  bsp_ili9341_lcd.o
    0x0800092c   0x0800092c   0x0000002c   Code   RO         3214    i.ILI9341_Clear     bsp_ili9341_lcd.o
    0x08000958   0x08000958   0x00000012   Code   RO         3215    i.ILI9341_Delay     bsp_ili9341_lcd.o
    0x0800096a   0x0800096a   0x0000006e   Code   RO         3223    i.ILI9341_FSMC_Config  bsp_ili9341_lcd.o
    0x080009d8   0x080009d8   0x00000020   Code   RO         3224    i.ILI9341_FillColor  bsp_ili9341_lcd.o
    0x080009f8   0x080009f8   0x00000198   Code   RO         3225    i.ILI9341_GPIO_Config  bsp_ili9341_lcd.o
    0x08000b90   0x08000b90   0x000000e0   Code   RO         3227    i.ILI9341_GramScan  bsp_ili9341_lcd.o
    0x08000c70   0x08000c70   0x00000028   Code   RO         3228    i.ILI9341_Init      bsp_ili9341_lcd.o
    0x08000c98   0x08000c98   0x00000060   Code   RO         3229    i.ILI9341_OpenWindow  bsp_ili9341_lcd.o
    0x08000cf8   0x08000cf8   0x00000450   Code   RO         3230    i.ILI9341_REG_Config  bsp_ili9341_lcd.o
    0x08001148   0x08001148   0x00000070   Code   RO         3231    i.ILI9341_ReadID    bsp_ili9341_lcd.o
    0x080011b8   0x080011b8   0x0000000c   Code   RO         3402    i.ILI9341_Read_Data  bsp_ili9341_lcd.o
    0x080011c4   0x080011c4   0x00000028   Code   RO         3233    i.ILI9341_Rst       bsp_ili9341_lcd.o
    0x080011ec   0x080011ec   0x00000008   Code   RO         3392    i.ILI9341_Write_Cmd  bsp_ili9341_lcd.o
    0x080011f4   0x080011f4   0x0000000c   Code   RO         3397    i.ILI9341_Write_Data  bsp_ili9341_lcd.o
    0x08001200   0x08001200   0x00000014   Code   RO         3240    i.LCD_SetColors     bsp_ili9341_lcd.o
    0x08001214   0x08001214   0x0000000c   Code   RO         3241    i.LCD_SetFont       bsp_ili9341_lcd.o
    0x08001220   0x08001220   0x00000060   Code   RO         3683    i.LED_GPIO_Config   bsp_led.o
    0x08001280   0x08001280   0x00000004   Code   RO         3144    i.MemManage_Handler  stm32f10x_it.o
    0x08001284   0x08001284   0x00000002   Code   RO         3145    i.NMI_Handler       stm32f10x_it.o
    0x08001286   0x08001286   0x00000028   Code   RO         3468    i.NVIC_Configuration  bsp_sdio_sdcard.o
    0x080012ae   0x080012ae   0x00000002   PAD
    0x080012b0   0x080012b0   0x00000070   Code   RO          127    i.NVIC_Init         misc.o
    0x08001320   0x08001320   0x00000014   Code   RO          128    i.NVIC_PriorityGroupConfig  misc.o
    0x08001334   0x08001334   0x00000002   Code   RO         3146    i.PendSV_Handler    stm32f10x_it.o
    0x08001336   0x08001336   0x00000002   PAD
    0x08001338   0x08001338   0x00000020   Code   RO         1697    i.RCC_AHBPeriphClockCmd  stm32f10x_rcc.o
    0x08001358   0x08001358   0x00000020   Code   RO         1700    i.RCC_APB2PeriphClockCmd  stm32f10x_rcc.o
    0x08001378   0x08001378   0x000000d4   Code   RO         1708    i.RCC_GetClocksFreq  stm32f10x_rcc.o
    0x0800144c   0x0800144c   0x0000011c   Code   RO         3469    i.SDEnWideBus       bsp_sdio_sdcard.o
    0x08001568   0x08001568   0x0000000c   Code   RO         1987    i.SDIO_ClearFlag    stm32f10x_sdio.o
    0x08001574   0x08001574   0x0000000c   Code   RO         1988    i.SDIO_ClearITPendingBit  stm32f10x_sdio.o
    0x08001580   0x08001580   0x0000000c   Code   RO         1989    i.SDIO_ClockCmd     stm32f10x_sdio.o
    0x0800158c   0x0800158c   0x0000000c   Code   RO         1992    i.SDIO_DMACmd       stm32f10x_sdio.o
    0x08001598   0x08001598   0x00000030   Code   RO         1993    i.SDIO_DataConfig   stm32f10x_sdio.o
    0x080015c8   0x080015c8   0x00000024   Code   RO         1995    i.SDIO_DeInit       stm32f10x_sdio.o
    0x080015ec   0x080015ec   0x0000000c   Code   RO         1996    i.SDIO_GetCommandResponse  stm32f10x_sdio.o
    0x080015f8   0x080015f8   0x00000018   Code   RO         1999    i.SDIO_GetFlagStatus  stm32f10x_sdio.o
    0x08001610   0x08001610   0x00000010   Code   RO         2001    i.SDIO_GetPowerState  stm32f10x_sdio.o
    0x08001620   0x08001620   0x00000018   Code   RO         2002    i.SDIO_GetResponse  stm32f10x_sdio.o
    0x08001638   0x08001638   0x00000008   Code   RO         3147    i.SDIO_IRQHandler   stm32f10x_it.o
    0x08001640   0x08001640   0x00000020   Code   RO         2003    i.SDIO_ITConfig     stm32f10x_sdio.o
    0x08001660   0x08001660   0x00000030   Code   RO         2004    i.SDIO_Init         stm32f10x_sdio.o
    0x08001690   0x08001690   0x0000000c   Code   RO         2005    i.SDIO_ReadData     stm32f10x_sdio.o
    0x0800169c   0x0800169c   0x0000002c   Code   RO         2007    i.SDIO_SendCommand  stm32f10x_sdio.o
    0x080016c8   0x080016c8   0x0000001c   Code   RO         2009    i.SDIO_SetPowerState  stm32f10x_sdio.o
    0x080016e4   0x080016e4   0x00000010   Code   RO         3470    i.SD_DMAEndOfTransferStatus  bsp_sdio_sdcard.o
    0x080016f4   0x080016f4   0x00000064   Code   RO         3471    i.SD_DMA_RxConfig   bsp_sdio_sdcard.o
    0x08001758   0x08001758   0x00000064   Code   RO         3472    i.SD_DMA_TxConfig   bsp_sdio_sdcard.o
    0x080017bc   0x080017bc   0x00000094   Code   RO         3474    i.SD_EnableWideBusOperation  bsp_sdio_sdcard.o
    0x08001850   0x08001850   0x0000030c   Code   RO         3476    i.SD_GetCardInfo    bsp_sdio_sdcard.o
    0x08001b5c   0x08001b5c   0x0000001a   Code   RO         3478    i.SD_GetState       bsp_sdio_sdcard.o
    0x08001b76   0x08001b76   0x0000001e   Code   RO         3479    i.SD_GetStatus      bsp_sdio_sdcard.o
    0x08001b94   0x08001b94   0x00000074   Code   RO         3481    i.SD_Init           bsp_sdio_sdcard.o
    0x08001c08   0x08001c08   0x0000013c   Code   RO         3482    i.SD_InitializeCards  bsp_sdio_sdcard.o
    0x08001d44   0x08001d44   0x00000188   Code   RO         3484    i.SD_PowerON        bsp_sdio_sdcard.o
    0x08001ecc   0x08001ecc   0x00000058   Code   RO         3485    i.SD_ProcessIRQSrc  bsp_sdio_sdcard.o
    0x08001f24   0x08001f24   0x000000f8   Code   RO         3487    i.SD_ReadMultiBlocks  bsp_sdio_sdcard.o
    0x0800201c   0x0800201c   0x00000034   Code   RO         3488    i.SD_SelectDeselect  bsp_sdio_sdcard.o
    0x08002050   0x08002050   0x00000038   Code   RO         3490    i.SD_SendStatus     bsp_sdio_sdcard.o
    0x08002088   0x08002088   0x00000034   Code   RO         3492    i.SD_WaitReadOperation  bsp_sdio_sdcard.o
    0x080020bc   0x080020bc   0x0000003c   Code   RO         3493    i.SD_WaitWriteOperation  bsp_sdio_sdcard.o
    0x080020f8   0x080020f8   0x00000158   Code   RO         3495    i.SD_WriteMultiBlocks  bsp_sdio_sdcard.o
    0x08002250   0x08002250   0x00000002   Code   RO         3148    i.SVC_Handler       stm32f10x_it.o
    0x08002252   0x08002252   0x00000008   Code   RO           10    i.SetSysClock       system_stm32f10x.o
    0x0800225a   0x0800225a   0x00000002   PAD
    0x0800225c   0x0800225c   0x000000e0   Code   RO           11    i.SetSysClockTo72   system_stm32f10x.o
    0x0800233c   0x0800233c   0x00000002   Code   RO         3149    i.SysTick_Handler   stm32f10x_it.o
    0x0800233e   0x0800233e   0x00000002   PAD
    0x08002340   0x08002340   0x00000060   Code   RO           13    i.SystemInit        system_stm32f10x.o
    0x080023a0   0x080023a0   0x00000018   Code   RO         2868    i.USART_Cmd         stm32f10x_usart.o
    0x080023b8   0x080023b8   0x00000080   Code   RO         3435    i.USART_Config      bsp_usart.o
    0x08002438   0x08002438   0x0000001a   Code   RO         2871    i.USART_GetFlagStatus  stm32f10x_usart.o
    0x08002452   0x08002452   0x00000002   PAD
    0x08002454   0x08002454   0x000000d8   Code   RO         2875    i.USART_Init        stm32f10x_usart.o
    0x0800252c   0x0800252c   0x00000008   Code   RO         2885    i.USART_SendData    stm32f10x_usart.o
    0x08002534   0x08002534   0x00000004   Code   RO         3150    i.UsageFault_Handler  stm32f10x_it.o
    0x08002538   0x08002538   0x00000020   Code   RO         4340    i.__0printf$4       mc_w.l(printf4.o)
    0x08002558   0x08002558   0x0000000e   Code   RO         4562    i.__scatterload_copy  mc_w.l(handlers.o)
    0x08002566   0x08002566   0x00000002   Code   RO         4563    i.__scatterload_null  mc_w.l(handlers.o)
    0x08002568   0x08002568   0x0000000e   Code   RO         4564    i.__scatterload_zeroinit  mc_w.l(handlers.o)
    0x08002576   0x08002576   0x00000002   PAD
    0x08002578   0x08002578   0x0000022c   Code   RO         4347    i._printf_core      mc_w.l(printf4.o)
    0x080027a4   0x080027a4   0x0000001e   Code   RO         4153    i.alloc_pool        tjpgd.o
    0x080027c2   0x080027c2   0x00000090   Code   RO         4154    i.bitext            tjpgd.o
    0x08002852   0x08002852   0x00000002   PAD
    0x08002854   0x08002854   0x000002a8   Code   RO         4155    i.block_idct        tjpgd.o
    0x08002afc   0x08002afc   0x00000090   Code   RO         3747    i.check_fs          ff.o
    0x08002b8c   0x08002b8c   0x00000014   Code   RO         3748    i.chk_chr           ff.o
    0x08002ba0   0x08002ba0   0x0000001a   Code   RO         3749    i.clust2sect        ff.o
    0x08002bba   0x08002bba   0x00000002   PAD
    0x08002bbc   0x08002bbc   0x000000a0   Code   RO         3750    i.cmp_lfn           ff.o
    0x08002c5c   0x08002c5c   0x000000d6   Code   RO         3751    i.create_chain      ff.o
    0x08002d32   0x08002d32   0x00000134   Code   RO         4156    i.create_huffman_tbl  tjpgd.o
    0x08002e66   0x08002e66   0x00000002   PAD
    0x08002e68   0x08002e68   0x00000230   Code   RO         3752    i.create_name       ff.o
    0x08003098   0x08003098   0x00000074   Code   RO         4157    i.create_qt_tbl     tjpgd.o
    0x0800310c   0x0800310c   0x0000005c   Code   RO         3753    i.dir_alloc         ff.o
    0x08003168   0x08003168   0x000000ea   Code   RO         3754    i.dir_find          ff.o
    0x08003252   0x08003252   0x0000013a   Code   RO         3755    i.dir_next          ff.o
    0x0800338c   0x0800338c   0x0000012a   Code   RO         3757    i.dir_register      ff.o
    0x080034b6   0x080034b6   0x000000c8   Code   RO         3759    i.dir_sdi           ff.o
    0x0800357e   0x0800357e   0x0000002a   Code   RO         3695    i.disk_initialize   diskio.o
    0x080035a8   0x080035a8   0x0000006c   Code   RO         3696    i.disk_ioctl        diskio.o
    0x08003614   0x08003614   0x000000b6   Code   RO         3697    i.disk_read         diskio.o
    0x080036ca   0x080036ca   0x0000001c   Code   RO         3698    i.disk_status       diskio.o
    0x080036e6   0x080036e6   0x000000bc   Code   RO         3699    i.disk_write        diskio.o
    0x080037a2   0x080037a2   0x00000020   Code   RO         3761    i.f_close           ff.o
    0x080037c2   0x080037c2   0x0000019a   Code   RO         3765    i.f_lseek           ff.o
    0x0800395c   0x0800395c   0x0000005c   Code   RO         3768    i.f_mount           ff.o
    0x080039b8   0x080039b8   0x0000017e   Code   RO         3769    i.f_open            ff.o
    0x08003b36   0x08003b36   0x000001d0   Code   RO         3774    i.f_read            ff.o
    0x08003d06   0x08003d06   0x000000b0   Code   RO         3778    i.f_sync            ff.o
    0x08003db6   0x08003db6   0x00000002   PAD
    0x08003db8   0x08003db8   0x0000004c   Code   RO         4076    i.ff_convert        ccsbcs.o
    0x08003e04   0x08003e04   0x0000005c   Code   RO         4077    i.ff_wtoupper       ccsbcs.o
    0x08003e60   0x08003e60   0x000003d8   Code   RO         3783    i.find_volume       ff.o
    0x08004238   0x08004238   0x00000080   Code   RO         3784    i.fit_lfn           ff.o
    0x080042b8   0x080042b8   0x00000090   Code   RO         3785    i.follow_path       ff.o
    0x08004348   0x08004348   0x00000024   Code   RO         3437    i.fputc             bsp_usart.o
    0x0800436c   0x0800436c   0x00000050   Code   RO         4490    i.free              mc_w.l(malloc.o)
    0x080043bc   0x080043bc   0x000000b4   Code   RO         3786    i.gen_numname       ff.o
    0x08004470   0x08004470   0x0000013e   Code   RO         3787    i.get_fat           ff.o
    0x080045ae   0x080045ae   0x00000002   PAD
    0x080045b0   0x080045b0   0x00000008   Code   RO         3700    i.get_fattime       diskio.o
    0x080045b8   0x080045b8   0x0000004a   Code   RO         3789    i.get_ldnumber      ff.o
    0x08004602   0x08004602   0x000000c0   Code   RO         4158    i.huffext           tjpgd.o
    0x080046c2   0x080046c2   0x00000042   Code   RO         4111    i.in_func           jpgport.o
    0x08004704   0x08004704   0x000000a2   Code   RO         4159    i.jd_decomp         tjpgd.o
    0x080047a6   0x080047a6   0x0000039c   Code   RO         4160    i.jd_prepare        tjpgd.o
    0x08004b42   0x08004b42   0x00000002   PAD
    0x08004b44   0x08004b44   0x0000011c   Code   RO         4112    i.jpgDisplay        jpgport.o
    0x08004c60   0x08004c60   0x00000020   Code   RO         3790    i.ld_clust          ff.o
    0x08004c80   0x08004c80   0x00000138   Code   RO         3098    i.main              main.o
    0x08004db8   0x08004db8   0x0000006c   Code   RO         4491    i.malloc            mc_w.l(malloc.o)
    0x08004e24   0x08004e24   0x000001e0   Code   RO         4161    i.mcu_load          tjpgd.o
    0x08005004   0x08005004   0x00000398   Code   RO         4162    i.mcu_output        tjpgd.o
    0x0800539c   0x0800539c   0x00000026   Code   RO         3791    i.mem_cmp           ff.o
    0x080053c2   0x080053c2   0x0000001a   Code   RO         3792    i.mem_cpy           ff.o
    0x080053dc   0x080053dc   0x00000014   Code   RO         3793    i.mem_set           ff.o
    0x080053f0   0x080053f0   0x00000034   Code   RO         3794    i.move_window       ff.o
    0x08005424   0x08005424   0x00000098   Code   RO         4113    i.out_func          jpgport.o
    0x080054bc   0x080054bc   0x00000188   Code   RO         3796    i.put_fat           ff.o
    0x08005644   0x08005644   0x0000006c   Code   RO         3798    i.remove_chain      ff.o
    0x080056b0   0x080056b0   0x00000070   Code   RO         4163    i.restart           tjpgd.o
    0x08005720   0x08005720   0x00000010   Code   RO         3799    i.st_clust          ff.o
    0x08005730   0x08005730   0x00000020   Code   RO         3800    i.sum_sfn           ff.o
    0x08005750   0x08005750   0x000000c8   Code   RO         3801    i.sync_fs           ff.o
    0x08005818   0x08005818   0x00000052   Code   RO         3802    i.sync_window       ff.o
    0x0800586a   0x0800586a   0x00000032   Code   RO         3803    i.validate          ff.o
    0x0800589c   0x0800589c   0x00003b60   Data   RO         3422    .constdata          fonts.o
    0x080093fc   0x080093fc   0x000000ba   Data   RO         3804    .constdata          ff.o
    0x080094b6   0x080094b6   0x000008b8   Data   RO         4078    .constdata          ccsbcs.o
    0x08009d6e   0x08009d6e   0x000004c0   Data   RO         4164    .constdata          tjpgd.o
    0x0800a22e   0x0800a22e   0x00000002   PAD
    0x0800a230   0x0800a230   0x00000020   Data   RO         4560    Region$$Table       anon$$obj.o


    Execution Region RW_IRAM1 (Exec base: 0x20000000, Load base: 0x0800a250, Size: 0x00005170, Max: 0x00010000, ABSOLUTE)

    Exec Addr    Load Addr    Size         Type   Attr      Idx    E Section Name        Object

    0x20000000   0x0800a250   0x00000014   Data   RW         1728    .data               stm32f10x_rcc.o
    0x20000014   0x0800a264   0x00000001   Data   RW         3100    .data               main.o
    0x20000015   0x0800a265   0x00000003   PAD
    0x20000018   0x0800a268   0x00000010   Data   RW         3243    .data               bsp_ili9341_lcd.o
    0x20000028   0x0800a278   0x00000018   Data   RW         3423    .data               fonts.o
    0x20000040   0x0800a290   0x00000014   Data   RW         3498    .data               bsp_sdio_sdcard.o
    0x20000054   0x0800a2a4   0x0000000a   Data   RW         3805    .data               ff.o
    0x2000005e   0x0800a2ae   0x00000002   PAD
    0x20000060   0x0800a2b0   0x00000004   Data   RW         4534    .data               mc_w.l(stdout.o)
    0x20000064   0x0800a2b4   0x00000004   Data   RW         4541    .data               mc_w.l(mvars.o)
    0x20000068   0x0800a2b8   0x00000004   Data   RW         4542    .data               mc_w.l(mvars.o)
    0x2000006c        -       0x00001030   Zero   RW         3099    .bss                main.o
    0x2000109c   0x0800a2bc   0x00000004   PAD
    0x200010a0        -       0x000000cc   Zero   RW         3497    .bss                bsp_sdio_sdcard.o
    0x2000116c   0x0800a2bc   0x00000004   PAD
    0x20001170        -       0x00002000   Zero   RW            2    HEAP                startup_stm32f10x_hd.o
    0x20003170        -       0x00002000   Zero   RW            1    STACK               startup_stm32f10x_hd.o


==============================================================================

Image component sizes


      Code (inc. data)   RO Data    RW Data    ZI Data      Debug   Object Name

      2328         94          0         16          0      13583   bsp_ili9341_lcd.o
        96          6          0          0          0        606   bsp_led.o
      4188        282          0         20        204      24064   bsp_sdio_sdcard.o
       164         12          0          0          0       1331   bsp_usart.o
       168         14       2232          0          0       2787   ccsbcs.o
       556         10          0          0          0       6873   diskio.o
      6694         70        186         10          0      39327   ff.o
         0          0      15200         24          0       1533   fonts.o
       502        130          0          0          0       7618   jpgport.o
       312        192          0          1       4144       6062   main.o
       132         22          0          0          0       1771   misc.o
        36          8        304          0      16384        916   startup_stm32f10x_hd.o
       156         18          0          0          0       4301   stm32f10x_dma.o
       282          6          0          0          0       2049   stm32f10x_fsmc.o
       286          0          0          0          0       3348   stm32f10x_gpio.o
        34          0          0          0          0      11100   stm32f10x_it.o
       276         32          0         20          0       4825   stm32f10x_rcc.o
       372         86          0          0          0      10931   stm32f10x_sdio.o
       274          6          0          0          0       4412   stm32f10x_usart.o
       328         28          0          0          0     262505   system_stm32f10x.o
      4068         50       1216          0          0      15293   tjpgd.o

    ----------------------------------------------------------------------
     21280       1066      19172         96      20740     425235   Object Totals
         0          0         32          0          0          0   (incl. Generated)
        28          0          2          5          8          0   (incl. Padding)

    ----------------------------------------------------------------------

      Code (inc. data)   RO Data    RW Data    ZI Data      Debug   Library Member Name

         0          0          0          0          0          0   entry.o
         0          0          0          0          0          0   entry10a.o
         0          0          0          0          0          0   entry11a.o
         4          0          0          0          0          0   entry12b.o
         8          4          0          0          0          0   entry2.o
         4          0          0          0          0          0   entry5.o
         0          0          0          0          0          0   entry7b.o
         0          0          0          0          0          0   entry8b.o
         8          4          0          0          0          0   entry9a.o
        30          0          0          0          0          0   handlers.o
        36          8          0          0          0         68   init.o
        30          0          0          0          0         68   llshl.o
        32          0          0          0          0         68   llushr.o
       188         20          0          0          0        160   malloc.o
        36          0          0          0          0         68   memcpya.o
        36          0          0          0          0        108   memseta.o
         0          0          0          8          0          0   mvars.o
       588         14          0          0          0        184   printf4.o
         0          0          0          4          0          0   stdout.o
        98          0          0          0          0         92   uldiv.o

    ----------------------------------------------------------------------
      1100         50          0         12          0        816   Library Totals
         2          0          0          0          0          0   (incl. Padding)

    ----------------------------------------------------------------------

      Code (inc. data)   RO Data    RW Data    ZI Data      Debug   Library Name

      1098         50          0         12          0        816   mc_w.l

    ----------------------------------------------------------------------
      1100         50          0         12          0        816   Library Totals

    ----------------------------------------------------------------------

==============================================================================


      Code (inc. data)   RO Data    RW Data    ZI Data      Debug   

     22380       1116      19172        108      20740     418247   Grand Totals
     22380       1116      19172        108      20740     418247   ELF Image Totals
     22380       1116      19172        108          0          0   ROM Totals

==============================================================================

    Total RO  Size (Code + RO Data)                41552 (  40.58kB)
    Total RW  Size (RW Data + ZI Data)             20848 (  20.36kB)
    Total ROM Size (Code + RO Data + RW Data)      41660 (  40.68kB)

==============================================================================

