<html>
<body>
<pre>
<h1>礦ision Build Log</h1>
<h2>Tool Versions:</h2>
IDE-Version: μVision V5.24.2.0
Copyright (C) 2017 ARM Ltd and ARM Germany GmbH. All rights reserved.
License Information: 1 qiu, 1, LIC=JL28G-VU5YU-8TV3P-M3JHJ-3ETBT-YBH36
 
Tool Versions:
Toolchain:       MDK-ARM Plus  Version: 5.24.1
Toolchain Path:  E:\dianzi\KEILARM\ARM\ARMCC\Bin
C Compiler:      Armcc.exe V5.06 update 5 (build 528)
Assembler:       Armasm.exe V5.06 update 5 (build 528)
Linker/Locator:  ArmLink.exe V5.06 update 5 (build 528)
Library Manager: ArmAr.exe V5.06 update 5 (build 528)
Hex Converter:   FromElf.exe V5.06 update 5 (build 528)
CPU DLL:         SARMCM3.DLL V5.24.1
Dialog DLL:      DCM.DLL V1.16.0.0
Target DLL:      CMSIS_AGDI.dll V1.28.3.0
Dialog DLL:      TCM.DLL V1.32.0.0
 
<h2>Project:</h2>
E:\StudyNote\study_STM32\2.参考工程文件\17.TIM-输入捕获之电容按键检测\Project\RVMDK（uv5）\BH-F103.uvprojx
Project File Date:  08/15/2024

<h2>Output:</h2>
*** Using Compiler 'V5.06 update 5 (build 528)', folder: 'E:\dianzi\KEILARM\ARM\ARMCC\Bin'
Rebuild target 'TIM—输入捕获-电容按键检测'
assembling startup_stm32f10x_hd.s...
compiling core_cm3.c...
compiling stm32f10x_dac.c...
compiling system_stm32f10x.c...
compiling stm32f10x_crc.c...
compiling stm32f10x_flash.c...
compiling stm32f10x_cec.c...
compiling stm32f10x_bkp.c...
compiling stm32f10x_dbgmcu.c...
compiling misc.c...
compiling stm32f10x_exti.c...
compiling stm32f10x_adc.c...
compiling stm32f10x_fsmc.c...
compiling stm32f10x_dma.c...
compiling stm32f10x_can.c...
compiling stm32f10x_gpio.c...
compiling stm32f10x_iwdg.c...
compiling stm32f10x_i2c.c...
compiling stm32f10x_pwr.c...
compiling stm32f10x_rtc.c...
compiling stm32f10x_rcc.c...
compiling stm32f10x_sdio.c...
compiling stm32f10x_spi.c...
compiling stm32f10x_usart.c...
compiling stm32f10x_wwdg.c...
compiling main.c...
compiling stm32f10x_it.c...
compiling stm32f10x_tim.c...
compiling bsp_led.c...
..\..\User\Led\bsp_led.c(42): warning:  #1-D: last line of file ends without a newline
  }
..\..\User\Led\bsp_led.c: 1 warning, 0 errors
compiling bsp_usart.c...
compiling bsp_tpad.c...
..\..\User\TPad\bsp_tpad.c(211): warning:  #1-D: last line of file ends without a newline
  }
..\..\User\TPad\bsp_tpad.c: 1 warning, 0 errors
compiling bsp_beep.c...
..\..\User\Beep\bsp_beep.c(29): warning:  #1-D: last line of file ends without a newline
  }
..\..\User\Beep\bsp_beep.c: 1 warning, 0 errors
compiling bsp_SysTick.c...
..\..\User\SysTick\bsp_SysTick.c(98): warning:  #1-D: last line of file ends without a newline
  }
..\..\User\SysTick\bsp_SysTick.c: 1 warning, 0 errors
linking...
Program Size: Code=9224 RO-data=336 RW-data=52 ZI-data=1028  
FromELF: creating hex file...
"..\..\Output\TIM—输入捕获-电容按键检测.axf" - 0 Error(s), 4 Warning(s).

<h2>Software Packages used:</h2>

Package Vendor: Keil
                https://www.keil.com/pack/Keil.STM32F1xx_DFP.2.4.1.pack
                Keil.STM32F1xx_DFP.2.4.1
                STMicroelectronics STM32F1 Series Device Support, Drivers and Examples

<h2>Collection of Component include folders:</h2>
  .\RTE\_TIM__________-____________
  E:\dianzi\KEILARM\Keil\STM32F1xx_DFP\2.4.1\Device\Include

<h2>Collection of Component Files used:</h2>
Build Time Elapsed:  00:00:01
</pre>
</body>
</html>
