<html>
<body>
<pre>
<h1>礦ision Build Log</h1>
<h2>Tool Versions:</h2>
IDE-Version: μVision V5.38.0.0
Copyright (C) 2022 ARM Ltd and ARM Germany GmbH. All rights reserved.
License Information: 1 qiu, 1, LIC=JL28G-V89FM-MML9I-TXR8R-9LM29-P5CGD
 
Tool Versions:
Toolchain:       MDK-ARM Plus  Version: 5.38.0.0
Toolchain Path:  E:\dianzi\MDKv5\ARM\AC5\Bin
C Compiler:      Armcc.exe V5.06 update 7 (build 960)
Assembler:       Armasm.exe V5.06 update 7 (build 960)
Linker/Locator:  ArmLink.exe V5.06 update 7 (build 960)
Library Manager: ArmAr.exe V5.06 update 7 (build 960)
Hex Converter:   FromElf.exe V5.06 update 7 (build 960)
CPU DLL:         SARMCM3.DLL V5.38.0.0
Dialog DLL:      DCM.DLL V1.17.5.0
Target DLL:      CMSIS_AGDI.dll V1.33.15.0
Dialog DLL:      TCM.DLL V1.56.4.0
 
<h2>Project:</h2>
E:\StudyNote\study_STM32\2.参考工程文件\24.ADC-电压采集\1.ADC-单通道（中断读取）\Project\RVMDK（uv5）\BH-F103.uvprojx
Project File Date:  01/29/2025

<h2>Output:</h2>
*** Using Compiler 'V5.06 update 7 (build 960)', folder: 'E:\dianzi\MDKv5\ARM\AC5\Bin'
Build target 'ADC-单通道-中断读取'
assembling startup_stm32f10x_hd.s...
compiling core_cm3.c...
compiling stm32f10x_dbgmcu.c...
compiling stm32f10x_crc.c...
compiling stm32f10x_exti.c...
compiling misc.c...
compiling system_stm32f10x.c...
compiling stm32f10x_cec.c...
compiling stm32f10x_dac.c...
compiling stm32f10x_can.c...
compiling stm32f10x_dma.c...
compiling stm32f10x_bkp.c...
compiling stm32f10x_adc.c...
compiling stm32f10x_flash.c...
compiling stm32f10x_fsmc.c...
compiling stm32f10x_gpio.c...
compiling stm32f10x_iwdg.c...
compiling stm32f10x_i2c.c...
compiling stm32f10x_pwr.c...
compiling stm32f10x_rtc.c...
compiling stm32f10x_rcc.c...
compiling stm32f10x_spi.c...
compiling stm32f10x_sdio.c...
compiling stm32f10x_it.c...
..\..\User\adc\bsp_adc.h(32): warning:  #1-D: last line of file ends without a newline
  #endif 
..\..\User\stm32f10x_it.c: 1 warning, 0 errors
compiling stm32f10x_wwdg.c...
compiling main.c...
..\..\User\adc\bsp_adc.h(32): warning:  #1-D: last line of file ends without a newline
  #endif 
..\..\User\main.c(40): warning:  #1-D: last line of file ends without a newline
  }
..\..\User\main.c: 2 warnings, 0 errors
compiling stm32f10x_usart.c...
compiling bsp_adc.c...
..\..\User\adc\bsp_adc.h(32): warning:  #1-D: last line of file ends without a newline
  #endif 
..\..\User\adc\bsp_adc.c: 1 warning, 0 errors
compiling bsp_usart.c...
compiling stm32f10x_tim.c...
linking...
Program Size: Code=9612 RO-data=336 RW-data=52 ZI-data=1028  
FromELF: creating hex file...
"..\..\Output\ADC-单通道-中断读取.axf" - 0 Error(s), 4 Warning(s).

<h2>Software Packages used:</h2>

Package Vendor: Keil
                https://www.keil.com/pack/Keil.STM32F1xx_DFP.2.4.1.pack
                Keil.STM32F1xx_DFP.2.4.1
                STMicroelectronics STM32F1 Series Device Support, Drivers and Examples

<h2>Collection of Component include folders:</h2>
  E:/dianzi/MDKv5/Keil/STM32F1xx_DFP/2.4.1/Device/Include

<h2>Collection of Component Files used:</h2>
Build Time Elapsed:  00:00:01
</pre>
</body>
</html>
